{"logTime": "1225/190215", "correlationVector":"uxh36+KXB5t3rgSM+nyGs5.1","action":"SyncServerConnectionManagerRequest", "result":"SYNC_SERVER_OK", "context":{"environment":"Prod_WestEurope_000l", "migrationStage":"NotStarted", "server":"GENERAL0100000P"}}
{"logTime": "1225/190216", "correlationVector":"k/evM5M80LS7upGlsrBmsH","action":"SyncServerConnectionManagerRequest", "result":"SYNC_SERVER_OK", "context":{"environment":"", "migrationStage":"", "server":""}}
{"logTime": "1225/190216", "correlationVector":"uxh36+KXB5t3rgSM+nyGs5","action":"Initial GetUpdates", "result":"", "context":Reason: NEW_CLIENT. cV=uxh36+KXB5t3rgSM+nyGs5}
{"logTime": "1225/190216", "correlationVector":"uxh36+KXB5t3rgSM+nyGs5.2","action":"GetUpdates Response", "result":"Success", "context":Received 1 update(s). cV=uxh36+KXB5t3rgSM+nyGs5.0;server=GENERAL0100000P;cloudType=Consumer;environment=Prod_WestEurope_000l;migrationStage=NotStarted}
{"logTime": "1225/190216", "correlationVector":"d5cBbYlNTUlAZ+AfKkuqE4","action":"Initial GetUpdates", "result":"", "context":Reason: NEWLY_SUPPORTED_DATATYPE. cV=d5cBbYlNTUlAZ+AfKkuqE4}
{"logTime": "1225/190216", "correlationVector":"d5cBbYlNTUlAZ+AfKkuqE4.1","action":"SyncServerConnectionManagerRequest", "result":"SYNC_SERVER_OK", "context":{"environment":"Prod_WestEurope_000l", "migrationStage":"NotStarted", "server":"GENERAL0100000R"}}
{"logTime": "1225/190216", "correlationVector":"d5cBbYlNTUlAZ+AfKkuqE4.2","action":"GetUpdates", "result":"DeleteReceived", "context":{"id":"a451c95c-5e02-4f61-90a0-af0d1744320a", "isDeleted:":"true", "version":"1734811535704"}}
{"logTime": "1225/190216", "correlationVector":"d5cBbYlNTUlAZ+AfKkuqE4.3","action":"GetUpdates", "result":"DeleteReceived", "context":{"id":"ebaebfdf-7184-40a8-a83f-8f083a9765ab", "isDeleted:":"true", "version":"1734974513646"}}
{"logTime": "1225/190216", "correlationVector":"d5cBbYlNTUlAZ+AfKkuqE4.4","action":"GetUpdates", "result":"DeleteReceived", "context":{"id":"902fc840-dad9-4fb9-922c-68444371595c", "isDeleted:":"true", "version":"1734889820306"}}
{"logTime": "1225/190216", "correlationVector":"d5cBbYlNTUlAZ+AfKkuqE4.5","action":"GetUpdates Response", "result":"Success", "context":Received 89 update(s). cV=d5cBbYlNTUlAZ+AfKkuqE4.0;server=GENERAL0100000R;cloudType=Consumer;environment=Prod_WestEurope_000l;migrationStage=NotStarted}
{"logTime": "1225/190216", "correlationVector":"r6/g+XglTXKtHzgEUKFSTl","action":"Initial GetUpdates", "result":"", "context":Reason: NEWLY_SUPPORTED_DATATYPE. cV=r6/g+XglTXKtHzgEUKFSTl}
{"logTime": "1225/190216", "correlationVector":"r6/g+XglTXKtHzgEUKFSTl.1","action":"SyncServerConnectionManagerRequest", "result":"SYNC_SERVER_OK", "context":{"environment":"Prod_WestEurope_000l", "migrationStage":"NotStarted", "server":"GENERAL0100000I"}}
{"logTime": "1225/190216", "correlationVector":"r6/g+XglTXKtHzgEUKFSTl.2","action":"GetUpdates Response", "result":"Success", "context":Received 9 update(s). cV=r6/g+XglTXKtHzgEUKFSTl.0;server=GENERAL0100000I;cloudType=Consumer;environment=Prod_WestEurope_000l;migrationStage=NotStarted}
{"logTime": "1225/190216", "correlationVector":"a3JsKNaPIVDKTeutxc60vr","action":"Initial GetUpdates", "result":"", "context":Reason: NEWLY_SUPPORTED_DATATYPE. cV=a3JsKNaPIVDKTeutxc60vr}
{"logTime": "1225/190216", "correlationVector":"a3JsKNaPIVDKTeutxc60vr.1","action":"SyncServerConnectionManagerRequest", "result":"SYNC_SERVER_OK", "context":{"environment":"Prod_WestEurope_000l", "migrationStage":"NotStarted", "server":"GENERAL0100001C"}}
{"logTime": "1225/190216", "correlationVector":"a3JsKNaPIVDKTeutxc60vr.2","action":"GetUpdates", "result":"DeleteReceived", "context":{"id":"76cc9d96-9487-4c2b-ac64-04534ccfc902", "isDeleted:":"true", "version":"1728402051213"}}
{"logTime": "1225/190216", "correlationVector":"a3JsKNaPIVDKTeutxc60vr.3","action":"GetUpdates", "result":"DeleteReceived", "context":{"id":"6e7126ec-0eba-4bbc-9ec4-3dae50e1da06", "isDeleted:":"true", "version":"1728402051214"}}
{"logTime": "1225/190216", "correlationVector":"a3JsKNaPIVDKTeutxc60vr.4","action":"GetUpdates", "result":"DeleteReceived", "context":{"id":"df653c2f-5141-4fce-85ca-884b4d8e0beb", "isDeleted:":"true", "version":"1728402051215"}}
{"logTime": "1225/190216", "correlationVector":"a3JsKNaPIVDKTeutxc60vr.5","action":"GetUpdates", "result":"DeleteReceived", "context":{"id":"5fd86c6d-2667-4c7f-a151-f3a515cd912a", "isDeleted:":"true", "version":"1728402051216"}}
{"logTime": "1225/190216", "correlationVector":"a3JsKNaPIVDKTeutxc60vr.6","action":"GetUpdates", "result":"DeleteReceived", "context":{"id":"f9196614-d7ca-4e31-8ffa-791f29657b2a", "isDeleted:":"true", "version":"1728413508483"}}
{"logTime": "1225/190216", "correlationVector":"a3JsKNaPIVDKTeutxc60vr.7","action":"GetUpdates", "result":"DeleteReceived", "context":{"id":"60084472-ef78-4e06-a373-830c1dc777ee", "isDeleted:":"true", "version":"1728413508486"}}
{"logTime": "1225/190216", "correlationVector":"a3JsKNaPIVDKTeutxc60vr.8","action":"GetUpdates", "result":"DeleteReceived", "context":{"id":"31da2c5d-dd3f-402a-8af6-ba385733c814", "isDeleted:":"true", "version":"1729423607327"}}
{"logTime": "1225/190216", "correlationVector":"a3JsKNaPIVDKTeutxc60vr.9","action":"GetUpdates", "result":"DeleteReceived", "context":{"id":"c722f4c9-f0e7-4414-92dd-1a38d5283380", "isDeleted:":"true", "version":"1729612513909"}}
{"logTime": "1225/190216", "correlationVector":"a3JsKNaPIVDKTeutxc60vr.10","action":"GetUpdates", "result":"DeleteReceived", "context":{"id":"fc888e8a-e848-414c-83ea-78cf00f6ce00", "isDeleted:":"true", "version":"1731410535985"}}
{"logTime": "1225/190216", "correlationVector":"a3JsKNaPIVDKTeutxc60vr.11","action":"GetUpdates", "result":"DeleteReceived", "context":{"id":"f9d24eea-3473-4fa7-9270-3eccf726087c", "isDeleted:":"true", "version":"1731410535987"}}
{"logTime": "1225/190216", "correlationVector":"a3JsKNaPIVDKTeutxc60vr.12","action":"GetUpdates", "result":"DeleteReceived", "context":{"id":"ece02d57-4b21-469d-a59b-8132fb3ca167", "isDeleted:":"true", "version":"1734801753815"}}
{"logTime": "1225/190216", "correlationVector":"a3JsKNaPIVDKTeutxc60vr.13","action":"GetUpdates", "result":"DeleteReceived", "context":{"id":"9bf0e11b-d937-4f1c-a1b0-69a61e414d37", "isDeleted:":"true", "version":"1734801866607"}}
{"logTime": "1225/190216", "correlationVector":"a3JsKNaPIVDKTeutxc60vr.14","action":"GetUpdates", "result":"DeleteReceived", "context":{"id":"b6ad265e-3259-445f-8a19-fd98d3930383", "isDeleted:":"true", "version":"1734801897329"}}
{"logTime": "1225/190216", "correlationVector":"a3JsKNaPIVDKTeutxc60vr.15","action":"GetUpdates", "result":"DeleteReceived", "context":{"id":"0f0a641d-133f-435b-900e-3d01f68047ef", "isDeleted:":"true", "version":"1734801897330"}}
{"logTime": "1225/190216", "correlationVector":"a3JsKNaPIVDKTeutxc60vr.16","action":"GetUpdates", "result":"DeleteReceived", "context":{"id":"181569a6-256a-4124-99c7-a4a70dc66e49", "isDeleted:":"true", "version":"1734811477769"}}
{"logTime": "1225/190216", "correlationVector":"a3JsKNaPIVDKTeutxc60vr.17","action":"GetUpdates", "result":"DeleteReceived", "context":{"id":"4fef77a9-2012-48cc-8f0a-639c0b1d3a46", "isDeleted:":"true", "version":"1734812149394"}}
{"logTime": "1225/190216", "correlationVector":"a3JsKNaPIVDKTeutxc60vr.18","action":"GetUpdates", "result":"DeleteReceived", "context":{"id":"e68448a3-ef1f-4d43-a903-5bfcf9cd1421", "isDeleted:":"true", "version":"1734812331641"}}
{"logTime": "1225/190216", "correlationVector":"a3JsKNaPIVDKTeutxc60vr.19","action":"GetUpdates", "result":"DeleteReceived", "context":{"id":"f2b5fa02-1199-4145-932d-597aa4d67736", "isDeleted:":"true", "version":"1734812476769"}}
{"logTime": "1225/190216", "correlationVector":"a3JsKNaPIVDKTeutxc60vr.20","action":"GetUpdates", "result":"DeleteReceived", "context":{"id":"f1e4c9cb-6d81-4e49-84c5-5611d3aaaf8f", "isDeleted:":"true", "version":"1734812570904"}}
{"logTime": "1225/190216", "correlationVector":"a3JsKNaPIVDKTeutxc60vr.21","action":"GetUpdates", "result":"DeleteReceived", "context":{"id":"a3602638-4371-44dd-87da-e105c2804677", "isDeleted:":"true", "version":"1734813085276"}}
{"logTime": "1225/190216", "correlationVector":"a3JsKNaPIVDKTeutxc60vr.22","action":"GetUpdates", "result":"DeleteReceived", "context":{"id":"bb848039-9695-4a9c-97f9-ada54ae334ae", "isDeleted:":"true", "version":"1734813085277"}}
{"logTime": "1225/190216", "correlationVector":"a3JsKNaPIVDKTeutxc60vr.23","action":"GetUpdates", "result":"DeleteReceived", "context":{"id":"fe92fcab-b5ea-46d3-8850-aeea738e8447", "isDeleted:":"true", "version":"1734813153925"}}
{"logTime": "1225/190216", "correlationVector":"a3JsKNaPIVDKTeutxc60vr.24","action":"GetUpdates", "result":"DeleteReceived", "context":{"id":"330a37f6-940d-41fe-bc55-e54ca8a42a33", "isDeleted:":"true", "version":"1734813238051"}}
{"logTime": "1225/190216", "correlationVector":"a3JsKNaPIVDKTeutxc60vr.25","action":"GetUpdates", "result":"DeleteReceived", "context":{"id":"5685fd29-ba47-4a1d-8256-bfcbe43103bc", "isDeleted:":"true", "version":"1734813928910"}}
{"logTime": "1225/190216", "correlationVector":"a3JsKNaPIVDKTeutxc60vr.26","action":"GetUpdates", "result":"DeleteReceived", "context":{"id":"8b816e9b-e31e-491a-9abf-54b9b56d4d6f", "isDeleted:":"true", "version":"1734815486036"}}
{"logTime": "1225/190216", "correlationVector":"a3JsKNaPIVDKTeutxc60vr.27","action":"GetUpdates", "result":"DeleteReceived", "context":{"id":"6d0475b9-7baf-4ea4-8d32-5529c8f5e113", "isDeleted:":"true", "version":"1734816625378"}}
{"logTime": "1225/190216", "correlationVector":"a3JsKNaPIVDKTeutxc60vr.28","action":"GetUpdates", "result":"DeleteReceived", "context":{"id":"7c237ae8-cce8-4bd8-bb03-228b17c0ee6c", "isDeleted:":"true", "version":"1734859164963"}}
{"logTime": "1225/190216", "correlationVector":"a3JsKNaPIVDKTeutxc60vr.29","action":"GetUpdates", "result":"DeleteReceived", "context":{"id":"477f9312-059f-4b8e-bd18-c54bc2a120b3", "isDeleted:":"true", "version":"1734860729471"}}
{"logTime": "1225/190216", "correlationVector":"a3JsKNaPIVDKTeutxc60vr.30","action":"GetUpdates", "result":"DeleteReceived", "context":{"id":"f18c3c5d-5494-4668-9ec0-1af5274d5994", "isDeleted:":"true", "version":"1734867634344"}}
{"logTime": "1225/190216", "correlationVector":"a3JsKNaPIVDKTeutxc60vr.31","action":"GetUpdates", "result":"DeleteReceived", "context":{"id":"bddb8d34-d81a-47d3-9585-5fa1b9076eba", "isDeleted:":"true", "version":"1734867634346"}}
{"logTime": "1225/190216", "correlationVector":"a3JsKNaPIVDKTeutxc60vr.32","action":"GetUpdates", "result":"DeleteReceived", "context":{"id":"6b20f195-6307-44bc-9b63-4f011317b8d6", "isDeleted:":"true", "version":"1734872654829"}}
{"logTime": "1225/190216", "correlationVector":"a3JsKNaPIVDKTeutxc60vr.33","action":"GetUpdates", "result":"DeleteReceived", "context":{"id":"0dfb6d6d-c63d-4cd7-8011-1ba7c2bbd4f4", "isDeleted:":"true", "version":"1734875807980"}}
{"logTime": "1225/190216", "correlationVector":"a3JsKNaPIVDKTeutxc60vr.34","action":"GetUpdates", "result":"DeleteReceived", "context":{"id":"844cb465-3473-4df9-bd88-de11a83d0ae8", "isDeleted:":"true", "version":"1734877600007"}}
{"logTime": "1225/190216", "correlationVector":"a3JsKNaPIVDKTeutxc60vr.35","action":"GetUpdates", "result":"DeleteReceived", "context":{"id":"5876e604-339c-43ed-ad59-7ea2fd1c4d5b", "isDeleted:":"true", "version":"1734878236504"}}
{"logTime": "1225/190216", "correlationVector":"a3JsKNaPIVDKTeutxc60vr.36","action":"GetUpdates", "result":"DeleteReceived", "context":{"id":"80686f8c-ba27-4d69-9319-cee6a6d7d5a5", "isDeleted:":"true", "version":"1734882778420"}}
{"logTime": "1225/190216", "correlationVector":"a3JsKNaPIVDKTeutxc60vr.37","action":"GetUpdates", "result":"DeleteReceived", "context":{"id":"789f9df2-3f71-4ec6-837b-a4fe357032e8", "isDeleted:":"true", "version":"1734883924504"}}
{"logTime": "1225/190216", "correlationVector":"a3JsKNaPIVDKTeutxc60vr.38","action":"GetUpdates", "result":"DeleteReceived", "context":{"id":"112c4b31-77fd-4396-99d8-c0a46ac915bd", "isDeleted:":"true", "version":"1734884624276"}}
{"logTime": "1225/190216", "correlationVector":"a3JsKNaPIVDKTeutxc60vr.39","action":"GetUpdates", "result":"DeleteReceived", "context":{"id":"e54bed81-b290-412f-85f5-88c976069e21", "isDeleted:":"true", "version":"1733222238019"}}
{"logTime": "1225/190216", "correlationVector":"a3JsKNaPIVDKTeutxc60vr.40","action":"GetUpdates", "result":"DeleteReceived", "context":{"id":"634cc58b-90a9-48e5-a466-3d819e9e6aed", "isDeleted:":"true", "version":"1733222238020"}}
{"logTime": "1225/190216", "correlationVector":"a3JsKNaPIVDKTeutxc60vr.41","action":"GetUpdates", "result":"DeleteReceived", "context":{"id":"0593a695-34f4-417e-858b-6e9e1a3d10b3", "isDeleted:":"true", "version":"1733222238021"}}
{"logTime": "1225/190216", "correlationVector":"a3JsKNaPIVDKTeutxc60vr.42","action":"GetUpdates", "result":"DeleteReceived", "context":{"id":"45fd051e-00a0-411c-9906-15631e76eadd", "isDeleted:":"true", "version":"1733222238022"}}
{"logTime": "1225/190216", "correlationVector":"a3JsKNaPIVDKTeutxc60vr.43","action":"GetUpdates", "result":"DeleteReceived", "context":{"id":"df43d3c5-d8f9-42a7-afa9-ed593889e02c", "isDeleted:":"true", "version":"1733222238023"}}
{"logTime": "1225/190216", "correlationVector":"a3JsKNaPIVDKTeutxc60vr.44","action":"GetUpdates", "result":"DeleteReceived", "context":{"id":"2942eddc-2aea-44b1-baa2-0e3f5006a4ee", "isDeleted:":"true", "version":"1733222238024"}}
{"logTime": "1225/190216", "correlationVector":"a3JsKNaPIVDKTeutxc60vr.45","action":"GetUpdates Response", "result":"Success", "context":Received 74 update(s). cV=a3JsKNaPIVDKTeutxc60vr.0;server=GENERAL0100001C;cloudType=Consumer;environment=Prod_WestEurope_000l;migrationStage=NotStarted}
{"logTime": "1225/190217", "correlationVector":"xaQgixZDUeRc0Bx+HK53ia","action":"Normal GetUpdate request", "result":"", "context":cV=xaQgixZDUeRc0Bx+HK53ia
Nudged types: Sessions, Device Info, User Consents
Refresh requested types: Bookmarks, Preferences, Passwords, Autofill Profiles, Autofill, Typed URLs, Extensions, Sessions, Extension settings, History Delete Directives, Device Info, User Consents, Send Tab To Self, Web Apps, Collection, Edge E Drop, Edge Hub App Usage, Edge Tab Group, Edge Wallet, Encryption Keys}
{"logTime": "1225/190217", "correlationVector":"xaQgixZDUeRc0Bx+HK53ia.1","action":"SyncServerConnectionManagerRequest", "result":"SYNC_SERVER_OK", "context":{"environment":"Prod_WestEurope_000l", "migrationStage":"NotStarted", "server":"GENERAL01000018"}}
{"logTime": "1225/190217", "correlationVector":"xaQgixZDUeRc0Bx+HK53ia.2","action":"GetUpdates Response", "result":"Success", "context":Received 0 update(s). cV=xaQgixZDUeRc0Bx+HK53ia.0;server=GENERAL01000018;cloudType=Consumer;environment=Prod_WestEurope_000l;migrationStage=NotStarted}
{"logTime": "1225/190217", "correlationVector":"nBtfkUIBTFg6+UWw62UPUr","action":"DoCompareDataConsistency requsted types: ", "result":"Bookmarks, Preferences, Passwords, Typed URLs, Extensions, Extension settings, History Delete Directives, Send Tab To Self, Web Apps, Collection, Edge E Drop, Edge Tab Group, Edge Wallet, Encryption Keys"}
{"logTime": "1225/190217", "correlationVector":"nBtfkUIBTFg6+UWw62UPUr.0","action":"CompareDataConsistency result: ", "result":"Compare result: Encryption Keys is consistent. local entities count is: 1 local entities hash is: 3iJgeXatqzvBF7F4OejfDFTBHCg="}
{"logTime": "1225/190217", "correlationVector":"nBtfkUIBTFg6+UWw62UPUr.1","action":"CompareDataConsistency result: ", "result":"Compare result: Bookmarks is consistent. local entities count is: 7 local entities hash is: VKPkTM5bELluAWSHd5a3SzpUU2c="}
{"logTime": "1225/190217", "correlationVector":"nBtfkUIBTFg6+UWw62UPUr.2","action":"CompareDataConsistency result: ", "result":"Compare result: Preferences is consistent. local entities count is: 53 local entities hash is: ++ZuGQHwo5Pq3GQn1lxwmdo8XdY="}
{"logTime": "1225/190217", "correlationVector":"nBtfkUIBTFg6+UWw62UPUr.3","action":"CompareDataConsistency result: ", "result":"Server did not send this Typed URLs local entities count is: 0 local entities hash is: "}
{"logTime": "1225/190217", "correlationVector":"nBtfkUIBTFg6+UWw62UPUr.4","action":"CompareDataConsistency result: ", "result":"Compare result: Extensions is consistent. local entities count is: 1 local entities hash is: WBXyp+AEruHRHb4yURKqRfQ4Pyk="}
{"logTime": "1225/190217", "correlationVector":"nBtfkUIBTFg6+UWw62UPUr.5","action":"CompareDataConsistency result: ", "result":"Compare result: Extension settings is consistent. local entities count is: 0 local entities hash is: "}
{"logTime": "1225/190217", "correlationVector":"nBtfkUIBTFg6+UWw62UPUr.6","action":"CompareDataConsistency result: ", "result":"Compare result: History Delete Directives is consistent. local entities count is: 0 local entities hash is: "}
{"logTime": "1225/190217", "correlationVector":"nBtfkUIBTFg6+UWw62UPUr.7","action":"CompareDataConsistency result: ", "result":"Server did not send this Send Tab To Self local entities count is: 0 local entities hash is: "}
{"logTime": "1225/190217", "correlationVector":"nBtfkUIBTFg6+UWw62UPUr.8","action":"CompareDataConsistency result: ", "result":"Compare result: Web Apps is consistent. local entities count is: 0 local entities hash is: "}
{"logTime": "1225/190217", "correlationVector":"nBtfkUIBTFg6+UWw62UPUr.9","action":"CompareDataConsistency result: ", "result":"Compare result: Collection is consistent. local entities count is: 0 local entities hash is: "}
{"logTime": "1225/190217", "correlationVector":"nBtfkUIBTFg6+UWw62UPUr.10","action":"CompareDataConsistency result: ", "result":"Compare result: Edge E Drop is consistent. local entities count is: 0 local entities hash is: "}
{"logTime": "1225/190217", "correlationVector":"nBtfkUIBTFg6+UWw62UPUr.11","action":"CompareDataConsistency result: ", "result":"Compare result: Edge Tab Group is consistent. local entities count is: 0 local entities hash is: "}
{"logTime": "1225/190217", "correlationVector":"nBtfkUIBTFg6+UWw62UPUr.12","action":"CompareDataConsistency result: ", "result":"Compare result: Edge Wallet is consistent. local entities count is: 0 local entities hash is: "}
{"logTime": "1225/190217", "correlationVector":"nBtfkUIBTFg6+UWw62UPUr.13","action":"CompareDataConsistency result: ", "result":"Compare result: Passwords is consistent. local entities count is: 13 local entities hash is: a2Z7wUI72bM7v8beWaKk6Wttga4="}
{"logTime": "1225/190217", "correlationVector":"CyYc3jU6XkCBOdkDry16K6","action":"Commit Request", "result":"", "context":Item count: 5
Contributing types: Sessions, Device Info, User Consents}
{"logTime": "1225/190218", "correlationVector":"CyYc3jU6XkCBOdkDry16K6.1","action":"SyncServerConnectionManagerRequest", "result":"SYNC_SERVER_OK", "context":{"environment":"Prod_WestEurope_000l", "migrationStage":"NotStarted", "server":"GENERAL01000016"}}
{"logTime": "1225/190218", "correlationVector":"CyYc3jU6XkCBOdkDry16K6.2","action":"Commit Response", "result":"Success", "context":Result: Success. cV=CyYc3jU6XkCBOdkDry16K6.0;server=GENERAL01000016;cloudType=Consumer;environment=Prod_WestEurope_000l;migrationStage=NotStarted}
{"logTime": "1225/190218", "correlationVector":"","action":"DIAGNOSTIC_REQUEST|v1/diagnosticData/Diagnostic.SendCheckResult()|SUCCESS", "result":""}
{"logTime": "1225/190220", "correlationVector":"K3IpkMc43mZ3TFa4ahpwy6","action":"Commit Request", "result":"", "context":Item count: 11
Contributing types: Preferences, Passwords, Edge Hub App Usage}
{"logTime": "1225/190220", "correlationVector":"K3IpkMc43mZ3TFa4ahpwy6.1","action":"SyncServerConnectionManagerRequest", "result":"SYNC_SERVER_OK", "context":{"environment":"Prod_WestEurope_000l", "migrationStage":"NotStarted", "server":"general0100000H"}}
{"logTime": "1225/190220", "correlationVector":"K3IpkMc43mZ3TFa4ahpwy6.2","action":"Commit Response", "result":"Success", "context":Result: Success. cV=K3IpkMc43mZ3TFa4ahpwy6.0;server=general0100000H;cloudType=Consumer;environment=Prod_WestEurope_000l;migrationStage=NotStarted}
{"logTime": "1225/190251", "correlationVector":"33RbyYuD3YGHGWzNFnpl5k","action":"Commit Request", "result":"", "context":Item count: 1
Contributing types: Sessions}
{"logTime": "1225/190252", "correlationVector":"33RbyYuD3YGHGWzNFnpl5k.1","action":"SyncServerConnectionManagerRequest", "result":"SYNC_SERVER_OK", "context":{"environment":"Prod_WestEurope_000l", "migrationStage":"NotStarted", "server":"GENERAL01000001"}}
{"logTime": "1225/190252", "correlationVector":"33RbyYuD3YGHGWzNFnpl5k.2","action":"Commit Response", "result":"Success", "context":Result: Success. cV=33RbyYuD3YGHGWzNFnpl5k.0;server=GENERAL01000001;cloudType=Consumer;environment=Prod_WestEurope_000l;migrationStage=NotStarted}
{"logTime": "1225/190413", "correlationVector":"ZfFWZczSjsTFZDND3KQfki","action":"Commit Request", "result":"", "context":Item count: 1
Contributing types: Sessions}
{"logTime": "1225/190413", "correlationVector":"ZfFWZczSjsTFZDND3KQfki.1","action":"SyncServerConnectionManagerRequest", "result":"SYNC_SERVER_OK", "context":{"environment":"Prod_WestEurope_000l", "migrationStage":"NotStarted", "server":"GENERAL0100000C"}}
{"logTime": "1225/190413", "correlationVector":"ZfFWZczSjsTFZDND3KQfki.2","action":"Commit Response", "result":"Success", "context":Result: Success. cV=ZfFWZczSjsTFZDND3KQfki.0;server=GENERAL0100000C;cloudType=Consumer;environment=Prod_WestEurope_000l;migrationStage=NotStarted}
{"logTime": "1225/190633", "correlationVector":"8RRmyPyj08TXe325SW0ozY","action":"Commit Request", "result":"", "context":Item count: 1
Contributing types: Sessions}
{"logTime": "1225/190633", "correlationVector":"8RRmyPyj08TXe325SW0ozY.1","action":"SyncServerConnectionManagerRequest", "result":"SYNC_SERVER_OK", "context":{"environment":"Prod_WestEurope_000l", "migrationStage":"NotStarted", "server":"GENERAL0100001M"}}
{"logTime": "1225/190633", "correlationVector":"8RRmyPyj08TXe325SW0ozY.2","action":"Commit Response", "result":"Success", "context":Result: Success. cV=8RRmyPyj08TXe325SW0ozY.0;server=GENERAL0100001M;cloudType=Consumer;environment=Prod_WestEurope_000l;migrationStage=NotStarted}
{"logTime": "1225/190714", "correlationVector":"31SUuQc+dkbDR2bpb9ggNT","action":"Normal GetUpdate request", "result":"", "context":cV=31SUuQc+dkbDR2bpb9ggNT
Refresh requested types: Bookmarks, Preferences, Passwords, Autofill Profiles, Autofill, Typed URLs, Extensions, Sessions, Extension settings, History Delete Directives, Device Info, User Consents, Send Tab To Self, Web Apps, Collection, Edge E Drop, Edge Hub App Usage, Edge Tab Group, Edge Wallet, Encryption Keys}
{"logTime": "1225/190714", "correlationVector":"31SUuQc+dkbDR2bpb9ggNT.1","action":"SyncServerConnectionManagerRequest", "result":"SYNC_SERVER_OK", "context":{"environment":"Prod_WestEurope_000l", "migrationStage":"NotStarted", "server":"GENERAL0100000V"}}
{"logTime": "1225/190714", "correlationVector":"31SUuQc+dkbDR2bpb9ggNT.2","action":"GetUpdates Response", "result":"Success", "context":Received 14 update(s). cV=31SUuQc+dkbDR2bpb9ggNT.0;server=GENERAL0100000V;cloudType=Consumer;environment=Prod_WestEurope_000l;migrationStage=NotStarted}
{"logTime": "1225/190800", "correlationVector":"/yuvtC51+cjLzmG1fwdYQr","action":"Commit Request", "result":"", "context":Item count: 1
Contributing types: Sessions}
{"logTime": "1225/190800", "correlationVector":"/yuvtC51+cjLzmG1fwdYQr.1","action":"SyncServerConnectionManagerRequest", "result":"SYNC_SERVER_OK", "context":{"environment":"Prod_WestEurope_000l", "migrationStage":"NotStarted", "server":"GENERAL0100001K"}}
{"logTime": "1225/190800", "correlationVector":"/yuvtC51+cjLzmG1fwdYQr.2","action":"Commit Response", "result":"Success", "context":Result: Success. cV=/yuvtC51+cjLzmG1fwdYQr.0;server=GENERAL0100001K;cloudType=Consumer;environment=Prod_WestEurope_000l;migrationStage=NotStarted}
{"logTime": "1225/190850", "correlationVector":"DQSgovm31F7vVO2v04PIZn","action":"Commit Request", "result":"", "context":Item count: 1
Contributing types: Sessions}
{"logTime": "1225/190850", "correlationVector":"DQSgovm31F7vVO2v04PIZn.1","action":"SyncServerConnectionManagerRequest", "result":"SYNC_SERVER_OK", "context":{"environment":"Prod_WestEurope_000l", "migrationStage":"NotStarted", "server":"GENERAL01000009"}}
{"logTime": "1225/190850", "correlationVector":"DQSgovm31F7vVO2v04PIZn.2","action":"Commit Response", "result":"Success", "context":Result: Success. cV=DQSgovm31F7vVO2v04PIZn.0;server=GENERAL01000009;cloudType=Consumer;environment=Prod_WestEurope_000l;migrationStage=NotStarted}
{"logTime": "1225/190926", "correlationVector":"93MSRinYM7Q0hJeg9k7rSN","action":"Commit Request", "result":"", "context":Item count: 1
Contributing types: Sessions}
{"logTime": "1225/190926", "correlationVector":"93MSRinYM7Q0hJeg9k7rSN.1","action":"SyncServerConnectionManagerRequest", "result":"SYNC_SERVER_OK", "context":{"environment":"Prod_WestEurope_000l", "migrationStage":"NotStarted", "server":"GENERAL0100001F"}}
{"logTime": "1225/190926", "correlationVector":"93MSRinYM7Q0hJeg9k7rSN.2","action":"Commit Response", "result":"Success", "context":Result: Success. cV=93MSRinYM7Q0hJeg9k7rSN.0;server=GENERAL0100001F;cloudType=Consumer;environment=Prod_WestEurope_000l;migrationStage=NotStarted}
{"logTime": "1225/191036", "correlationVector":"Mp7NTHH7zHh8LRd9/3YnTH","action":"Commit Request", "result":"", "context":Item count: 1
Contributing types: Sessions}
{"logTime": "1225/191036", "correlationVector":"Mp7NTHH7zHh8LRd9/3YnTH.1","action":"SyncServerConnectionManagerRequest", "result":"SYNC_SERVER_OK", "context":{"environment":"Prod_WestEurope_000l", "migrationStage":"NotStarted", "server":"GENERAL0100000A"}}
{"logTime": "1225/191036", "correlationVector":"Mp7NTHH7zHh8LRd9/3YnTH.2","action":"Commit Response", "result":"Success", "context":Result: Success. cV=Mp7NTHH7zHh8LRd9/3YnTH.0;server=GENERAL0100000A;cloudType=Consumer;environment=Prod_WestEurope_000l;migrationStage=NotStarted}
{"logTime": "1225/191314", "correlationVector":"ILkyiYhYA444VWhlppilLp","action":"Commit Request", "result":"", "context":Item count: 3
Contributing types: Sessions}
{"logTime": "1225/191314", "correlationVector":"ILkyiYhYA444VWhlppilLp.1","action":"SyncServerConnectionManagerRequest", "result":"SYNC_SERVER_OK", "context":{"environment":"Prod_WestEurope_000l", "migrationStage":"NotStarted", "server":"GENERAL0100000G"}}
{"logTime": "1225/191314", "correlationVector":"ILkyiYhYA444VWhlppilLp.2","action":"Commit Response", "result":"Success", "context":Result: Success. cV=ILkyiYhYA444VWhlppilLp.0;server=GENERAL0100000G;cloudType=Consumer;environment=Prod_WestEurope_000l;migrationStage=NotStarted}
{"logTime": "1225/191429", "correlationVector":"9eysz4+DNpFyrV0ZZemJZg","action":"Commit Request", "result":"", "context":Item count: 4
Contributing types: Sessions}
{"logTime": "1225/191430", "correlationVector":"9eysz4+DNpFyrV0ZZemJZg.1","action":"SyncServerConnectionManagerRequest", "result":"SYNC_SERVER_OK", "context":{"environment":"Prod_WestEurope_000l", "migrationStage":"NotStarted", "server":"GENERAL0100000J"}}
{"logTime": "1225/191430", "correlationVector":"9eysz4+DNpFyrV0ZZemJZg.3","action":"Commit.Sessions", "result":"Success", "context":{"id":"d9a74444-174e-4c50-aef5-3af80d3b01cf", "isDeleted":"true", "size":"0", "version":"1735153994508"}}
{"logTime": "1225/191430", "correlationVector":"9eysz4+DNpFyrV0ZZemJZg.2","action":"Commit Response", "result":"Success", "context":Result: Success. cV=9eysz4+DNpFyrV0ZZemJZg.0;server=GENERAL0100000J;cloudType=Consumer;environment=Prod_WestEurope_000l;migrationStage=NotStarted}
{"logTime": "1225/191822", "correlationVector":"/Nw4wpMRZR2pTE+qCHMEuL","action":"Commit Request", "result":"", "context":Item count: 2
Contributing types: Sessions}
{"logTime": "1225/191822", "correlationVector":"/Nw4wpMRZR2pTE+qCHMEuL.1","action":"SyncServerConnectionManagerRequest", "result":"SYNC_SERVER_OK", "context":{"environment":"Prod_WestEurope_000l", "migrationStage":"NotStarted", "server":"GENERAL0100000X"}}
{"logTime": "1225/191822", "correlationVector":"/Nw4wpMRZR2pTE+qCHMEuL.3","action":"Commit.Sessions", "result":"Success", "context":{"id":"69ea8c1c-4cb7-422b-97f6-f0104541cf90", "isDeleted":"true", "size":"0", "version":"1735154070040"}}
{"logTime": "1225/191822", "correlationVector":"/Nw4wpMRZR2pTE+qCHMEuL.2","action":"Commit Response", "result":"Success", "context":Result: Success. cV=/Nw4wpMRZR2pTE+qCHMEuL.0;server=GENERAL0100000X;cloudType=Consumer;environment=Prod_WestEurope_000l;migrationStage=NotStarted}
{"logTime": "1225/191852", "correlationVector":"T8vu4S7c9VwSfQMSAqpKQ6","action":"Commit Request", "result":"", "context":Item count: 1
Contributing types: Sessions}
{"logTime": "1225/191852", "correlationVector":"T8vu4S7c9VwSfQMSAqpKQ6.1","action":"SyncServerConnectionManagerRequest", "result":"SYNC_SERVER_OK", "context":{"environment":"Prod_WestEurope_000l", "migrationStage":"NotStarted", "server":"GENERAL0100000J"}}
{"logTime": "1225/191852", "correlationVector":"T8vu4S7c9VwSfQMSAqpKQ6.2","action":"Commit Response", "result":"Success", "context":Result: Success. cV=T8vu4S7c9VwSfQMSAqpKQ6.0;server=GENERAL0100000J;cloudType=Consumer;environment=Prod_WestEurope_000l;migrationStage=NotStarted}
{"logTime": "1225/192000", "correlationVector":"1X03sdqpu9Y5klJrsN1GQH","action":"Commit Request", "result":"", "context":Item count: 1
Contributing types: Sessions}
{"logTime": "1225/192001", "correlationVector":"1X03sdqpu9Y5klJrsN1GQH.1","action":"SyncServerConnectionManagerRequest", "result":"SYNC_SERVER_OK", "context":{"environment":"Prod_WestEurope_000l", "migrationStage":"NotStarted", "server":"GENERAL01000000"}}
{"logTime": "1225/192001", "correlationVector":"1X03sdqpu9Y5klJrsN1GQH.2","action":"Commit Response", "result":"Success", "context":Result: Success. cV=1X03sdqpu9Y5klJrsN1GQH.0;server=GENERAL01000000;cloudType=Consumer;environment=Prod_WestEurope_000l;migrationStage=NotStarted}
{"logTime": "1225/192111", "correlationVector":"z92ot1I85ncaSmdKm5ohIR","action":"Commit Request", "result":"", "context":Item count: 1
Contributing types: Sessions}
{"logTime": "1225/192112", "correlationVector":"z92ot1I85ncaSmdKm5ohIR.1","action":"SyncServerConnectionManagerRequest", "result":"SYNC_SERVER_OK", "context":{"environment":"Prod_WestEurope_000l", "migrationStage":"NotStarted", "server":"GENERAL0100000D"}}
{"logTime": "1225/192112", "correlationVector":"z92ot1I85ncaSmdKm5ohIR.2","action":"Commit Response", "result":"Success", "context":Result: Success. cV=z92ot1I85ncaSmdKm5ohIR.0;server=GENERAL0100000D;cloudType=Consumer;environment=Prod_WestEurope_000l;migrationStage=NotStarted}
{"logTime": "1225/192214", "correlationVector":"KoccEIvuUxmdxZaR33Zsfg","action":"Commit Request", "result":"", "context":Item count: 1
Contributing types: Sessions}
{"logTime": "1225/192214", "correlationVector":"KoccEIvuUxmdxZaR33Zsfg.1","action":"SyncServerConnectionManagerRequest", "result":"SYNC_SERVER_OK", "context":{"environment":"Prod_WestEurope_x00e", "migrationStage":"NotStarted", "server":"GENERAL02000025"}}
{"logTime": "1225/192214", "correlationVector":"KoccEIvuUxmdxZaR33Zsfg.2","action":"Commit Response", "result":"Success", "context":Result: Success. cV=KoccEIvuUxmdxZaR33Zsfg.0;server=GENERAL02000025;cloudType=Consumer;environment=Prod_WestEurope_x00e;migrationStage=NotStarted}
{"logTime": "1225/192320", "correlationVector":"mgd+Fnps05RQuBgsQRVw5a","action":"Commit Request", "result":"", "context":Item count: 1
Contributing types: Sessions}
{"logTime": "1225/192320", "correlationVector":"mgd+Fnps05RQuBgsQRVw5a.1","action":"SyncServerConnectionManagerRequest", "result":"SYNC_SERVER_OK", "context":{"environment":"Prod_WestEurope_000l", "migrationStage":"NotStarted", "server":"GENERAL0100000M"}}
{"logTime": "1225/192320", "correlationVector":"mgd+Fnps05RQuBgsQRVw5a.2","action":"Commit Response", "result":"Success", "context":Result: Success. cV=mgd+Fnps05RQuBgsQRVw5a.0;server=GENERAL0100000M;cloudType=Consumer;environment=Prod_WestEurope_000l;migrationStage=NotStarted}
{"logTime": "1225/192407", "correlationVector":"jF+XhNt/YJFw4nM/hUJHbj","action":"Commit Request", "result":"", "context":Item count: 1
Contributing types: Sessions}
{"logTime": "1225/192407", "correlationVector":"jF+XhNt/YJFw4nM/hUJHbj.1","action":"SyncServerConnectionManagerRequest", "result":"SYNC_SERVER_OK", "context":{"environment":"Prod_WestEurope_000l", "migrationStage":"NotStarted", "server":"GENERAL0100000F"}}
{"logTime": "1225/192407", "correlationVector":"jF+XhNt/YJFw4nM/hUJHbj.2","action":"Commit Response", "result":"Success", "context":Result: Success. cV=jF+XhNt/YJFw4nM/hUJHbj.0;server=GENERAL0100000F;cloudType=Consumer;environment=Prod_WestEurope_000l;migrationStage=NotStarted}
{"logTime": "1225/192519", "correlationVector":"qSbH54B1bXkTBu0upthCkC","action":"Commit Request", "result":"", "context":Item count: 1
Contributing types: Sessions}
{"logTime": "1225/192519", "correlationVector":"qSbH54B1bXkTBu0upthCkC.1","action":"SyncServerConnectionManagerRequest", "result":"SYNC_SERVER_OK", "context":{"environment":"Prod_WestEurope_000l", "migrationStage":"NotStarted", "server":"GENERAL0100001B"}}
{"logTime": "1225/192519", "correlationVector":"qSbH54B1bXkTBu0upthCkC.2","action":"Commit Response", "result":"Success", "context":Result: Success. cV=qSbH54B1bXkTBu0upthCkC.0;server=GENERAL0100001B;cloudType=Consumer;environment=Prod_WestEurope_000l;migrationStage=NotStarted}
{"logTime": "1225/192626", "correlationVector":"n+ogniKO+wX4T3111GwRGO","action":"Commit Request", "result":"", "context":Item count: 1
Contributing types: Sessions}
{"logTime": "1225/192626", "correlationVector":"n+ogniKO+wX4T3111GwRGO.1","action":"SyncServerConnectionManagerRequest", "result":"SYNC_SERVER_OK", "context":{"environment":"Prod_WestEurope_000l", "migrationStage":"NotStarted", "server":"GENERAL0100000P"}}
{"logTime": "1225/192626", "correlationVector":"n+ogniKO+wX4T3111GwRGO.2","action":"Commit Response", "result":"Success", "context":Result: Success. cV=n+ogniKO+wX4T3111GwRGO.0;server=GENERAL0100000P;cloudType=Consumer;environment=Prod_WestEurope_000l;migrationStage=NotStarted}
{"logTime": "1225/192707", "correlationVector":"cPvzVf7W4Cbh9yZ5tMWLp1","action":"Commit Request", "result":"", "context":Item count: 1
Contributing types: Sessions}
{"logTime": "1225/192707", "correlationVector":"cPvzVf7W4Cbh9yZ5tMWLp1.1","action":"SyncServerConnectionManagerRequest", "result":"SYNC_SERVER_OK", "context":{"environment":"Prod_WestEurope_000l", "migrationStage":"NotStarted", "server":"GENERAL01000005"}}
{"logTime": "1225/192707", "correlationVector":"cPvzVf7W4Cbh9yZ5tMWLp1.2","action":"Commit Response", "result":"Success", "context":Result: Success. cV=cPvzVf7W4Cbh9yZ5tMWLp1.0;server=GENERAL01000005;cloudType=Consumer;environment=Prod_WestEurope_000l;migrationStage=NotStarted}
{"logTime": "1225/192801", "correlationVector":"JmihS9SLLv44/p2ke22LKK","action":"Commit Request", "result":"", "context":Item count: 1
Contributing types: Sessions}
{"logTime": "1225/192802", "correlationVector":"JmihS9SLLv44/p2ke22LKK.1","action":"SyncServerConnectionManagerRequest", "result":"SYNC_SERVER_OK", "context":{"environment":"Prod_WestEurope_000l", "migrationStage":"NotStarted", "server":"GENERAL01000006"}}
{"logTime": "1225/192802", "correlationVector":"JmihS9SLLv44/p2ke22LKK.2","action":"Commit Response", "result":"Success", "context":Result: Success. cV=JmihS9SLLv44/p2ke22LKK.0;server=GENERAL01000006;cloudType=Consumer;environment=Prod_WestEurope_000l;migrationStage=NotStarted}
{"logTime": "1225/192844", "correlationVector":"Aug3Yy0wja9V05ndnNh+B8","action":"Commit Request", "result":"", "context":Item count: 1
Contributing types: Sessions}
{"logTime": "1225/192844", "correlationVector":"Aug3Yy0wja9V05ndnNh+B8.1","action":"SyncServerConnectionManagerRequest", "result":"SYNC_SERVER_OK", "context":{"environment":"Prod_WestEurope_000l", "migrationStage":"NotStarted", "server":"GENERAL0100000D"}}
{"logTime": "1225/192844", "correlationVector":"Aug3Yy0wja9V05ndnNh+B8.2","action":"Commit Response", "result":"Success", "context":Result: Success. cV=Aug3Yy0wja9V05ndnNh+B8.0;server=GENERAL0100000D;cloudType=Consumer;environment=Prod_WestEurope_000l;migrationStage=NotStarted}
{"logTime": "1225/192924", "correlationVector":"3jgPbLegRBRXlD8wikUjSc","action":"Commit Request", "result":"", "context":Item count: 3
Contributing types: Sessions}
{"logTime": "1225/192925", "correlationVector":"3jgPbLegRBRXlD8wikUjSc.1","action":"SyncServerConnectionManagerRequest", "result":"SYNC_SERVER_OK", "context":{"environment":"Prod_WestEurope_000l", "migrationStage":"NotStarted", "server":"GENERAL0100000A"}}
{"logTime": "1225/192925", "correlationVector":"3jgPbLegRBRXlD8wikUjSc.2","action":"Commit Response", "result":"Success", "context":Result: Success. cV=3jgPbLegRBRXlD8wikUjSc.0;server=GENERAL0100000A;cloudType=Consumer;environment=Prod_WestEurope_000l;migrationStage=NotStarted}
{"logTime": "1225/193024", "correlationVector":"Qq1e+JL/W56efjwWC8BKyy","action":"Commit Request", "result":"", "context":Item count: 1
Contributing types: Sessions}
{"logTime": "1225/193024", "correlationVector":"Qq1e+JL/W56efjwWC8BKyy.1","action":"SyncServerConnectionManagerRequest", "result":"SYNC_SERVER_OK", "context":{"environment":"Prod_WestEurope_000l", "migrationStage":"NotStarted", "server":"GENERAL0100000B"}}
{"logTime": "1225/193024", "correlationVector":"Qq1e+JL/W56efjwWC8BKyy.3","action":"Commit.Sessions", "result":"Success", "context":{"id":"a35ecff9-eba7-4b00-a3b4-fa3fa55e8852", "isDeleted":"true", "size":"0", "version":"1735154965149"}}
{"logTime": "1225/193024", "correlationVector":"Qq1e+JL/W56efjwWC8BKyy.2","action":"Commit Response", "result":"Success", "context":Result: Success. cV=Qq1e+JL/W56efjwWC8BKyy.0;server=GENERAL0100000B;cloudType=Consumer;environment=Prod_WestEurope_000l;migrationStage=NotStarted}
{"logTime": "1225/193104", "correlationVector":"bdB0Ae6TiN+qE8FgIwpv//","action":"Commit Request", "result":"", "context":Item count: 3
Contributing types: Sessions}
{"logTime": "1225/193105", "correlationVector":"bdB0Ae6TiN+qE8FgIwpv//.1","action":"SyncServerConnectionManagerRequest", "result":"SYNC_SERVER_OK", "context":{"environment":"Prod_WestEurope_000l", "migrationStage":"NotStarted", "server":"GENERAL0100000Z"}}
{"logTime": "1225/193105", "correlationVector":"bdB0Ae6TiN+qE8FgIwpv//.3","action":"Commit.Sessions", "result":"Success", "context":{"id":"d9d5d90a-8943-482b-a813-3e394c14d273", "isDeleted":"true", "size":"0", "version":"1735154965150"}}
{"logTime": "1225/193105", "correlationVector":"bdB0Ae6TiN+qE8FgIwpv//.2","action":"Commit Response", "result":"Success", "context":Result: Success. cV=bdB0Ae6TiN+qE8FgIwpv//.0;server=GENERAL0100000Z;cloudType=Consumer;environment=Prod_WestEurope_000l;migrationStage=NotStarted}
{"logTime": "1225/193748", "correlationVector":"TIVV+JvI3wr5WdtyT9Zf+m","action":"Normal GetUpdate request", "result":"", "context":cV=TIVV+JvI3wr5WdtyT9Zf+m
Notified types: Device Info}
{"logTime": "1225/193748", "correlationVector":"TIVV+JvI3wr5WdtyT9Zf+m.1","action":"SyncServerConnectionManagerRequest", "result":"SYNC_SERVER_OK", "context":{"environment":"Prod_WestEurope_000l", "migrationStage":"NotStarted", "server":"GENERAL0100001C"}}
{"logTime": "1225/193748", "correlationVector":"TIVV+JvI3wr5WdtyT9Zf+m.2","action":"GetUpdates", "result":"DeleteReceived", "context":{"id":"d9a74444-174e-4c50-aef5-3af80d3b01cf", "isDeleted:":"true", "version":"1735154070039"}}
{"logTime": "1225/193748", "correlationVector":"TIVV+JvI3wr5WdtyT9Zf+m.3","action":"GetUpdates", "result":"DeleteReceived", "context":{"id":"69ea8c1c-4cb7-422b-97f6-f0104541cf90", "isDeleted:":"true", "version":"1735154302613"}}
{"logTime": "1225/193748", "correlationVector":"TIVV+JvI3wr5WdtyT9Zf+m.4","action":"GetUpdates", "result":"DeleteReceived", "context":{"id":"a35ecff9-eba7-4b00-a3b4-fa3fa55e8852", "isDeleted:":"true", "version":"1735155024820"}}
{"logTime": "1225/193748", "correlationVector":"TIVV+JvI3wr5WdtyT9Zf+m.5","action":"GetUpdates", "result":"DeleteReceived", "context":{"id":"d9d5d90a-8943-482b-a813-3e394c14d273", "isDeleted:":"true", "version":"1735155065250"}}
{"logTime": "1225/193748", "correlationVector":"TIVV+JvI3wr5WdtyT9Zf+m.6","action":"GetUpdates Response", "result":"Success", "context":Received 9 update(s). cV=TIVV+JvI3wr5WdtyT9Zf+m.0;server=GENERAL0100001C;cloudType=Consumer;environment=Prod_WestEurope_000l;migrationStage=NotStarted}
{"logTime": "1225/193751", "correlationVector":"XFf2y7XxEtLmXgDGp45+iX","action":"Normal GetUpdate request", "result":"", "context":cV=XFf2y7XxEtLmXgDGp45+iX
Notified types: Preferences, Passwords, Edge Hub App Usage}
{"logTime": "1225/193751", "correlationVector":"XFf2y7XxEtLmXgDGp45+iX.1","action":"SyncServerConnectionManagerRequest", "result":"SYNC_SERVER_OK", "context":{"environment":"Prod_WestEurope_000l", "migrationStage":"NotStarted", "server":"GENERAL01000006"}}
{"logTime": "1225/193751", "correlationVector":"XFf2y7XxEtLmXgDGp45+iX.2","action":"GetUpdates Response", "result":"Success", "context":Received 11 update(s). cV=XFf2y7XxEtLmXgDGp45+iX.0;server=GENERAL01000006;cloudType=Consumer;environment=Prod_WestEurope_000l;migrationStage=NotStarted}
{"logTime": "1225/202350", "correlationVector":"Wuf9qw9MHwrE7u4R79J/1d.1","action":"SyncServerConnectionManagerRequest", "result":"SYNC_SERVER_OK", "context":{"environment":"Prod_WestEurope_000l", "migrationStage":"NotStarted", "server":"GENERAL0100000X"}}
{"logTime": "1225/202350", "correlationVector":"wltpw+n22eQf0fmqWfcxoz","action":"SyncServerConnectionManagerRequest", "result":"SYNC_SERVER_OK", "context":{"environment":"", "migrationStage":"", "server":""}}
{"logTime": "1225/202350", "correlationVector":"Wuf9qw9MHwrE7u4R79J/1d","action":"Initial GetUpdates", "result":"", "context":Reason: NEW_CLIENT. cV=Wuf9qw9MHwrE7u4R79J/1d}
{"logTime": "1225/202350", "correlationVector":"Wuf9qw9MHwrE7u4R79J/1d.2","action":"GetUpdates Response", "result":"Success", "context":Received 1 update(s). cV=Wuf9qw9MHwrE7u4R79J/1d.0;server=GENERAL0100000X;cloudType=Consumer;environment=Prod_WestEurope_000l;migrationStage=NotStarted}
{"logTime": "1225/202350", "correlationVector":"/Tm49wkBC+inyNif/tshz1","action":"Initial GetUpdates", "result":"", "context":Reason: NEWLY_SUPPORTED_DATATYPE. cV=/Tm49wkBC+inyNif/tshz1}
{"logTime": "1225/202350", "correlationVector":"/Tm49wkBC+inyNif/tshz1.1","action":"SyncServerConnectionManagerRequest", "result":"SYNC_SERVER_OK", "context":{"environment":"Prod_WestEurope_000l", "migrationStage":"NotStarted", "server":"GENERAL0100001I"}}
{"logTime": "1225/202350", "correlationVector":"/Tm49wkBC+inyNif/tshz1.2","action":"GetUpdates", "result":"DeleteReceived", "context":{"id":"902fc840-dad9-4fb9-922c-68444371595c", "isDeleted:":"true", "version":"1734889820306"}}
{"logTime": "1225/202350", "correlationVector":"/Tm49wkBC+inyNif/tshz1.3","action":"GetUpdates Response", "result":"Success", "context":Received 14 update(s). cV=/Tm49wkBC+inyNif/tshz1.0;server=GENERAL0100001I;cloudType=Consumer;environment=Prod_WestEurope_000l;migrationStage=NotStarted}
{"logTime": "1225/202350", "correlationVector":"kTGSK0CPdOVtVMjr+x4mKv","action":"Normal GetUpdate request", "result":"", "context":cV=kTGSK0CPdOVtVMjr+x4mKv
Nudged types: Sessions
Refresh requested types: Bookmarks, Preferences, Passwords, Autofill Profiles, Autofill, Typed URLs, Extensions, Sessions, Extension settings, History Delete Directives, Device Info, User Consents, Send Tab To Self, Web Apps, Collection, Edge E Drop, Edge Hub App Usage, Edge Tab Group, Edge Wallet, Encryption Keys}
{"logTime": "1225/202351", "correlationVector":"kTGSK0CPdOVtVMjr+x4mKv.1","action":"SyncServerConnectionManagerRequest", "result":"SYNC_SERVER_OK", "context":{"environment":"Prod_WestEurope_000l", "migrationStage":"NotStarted", "server":"GENERAL01000000"}}
{"logTime": "1225/202351", "correlationVector":"kTGSK0CPdOVtVMjr+x4mKv.2","action":"GetUpdates", "result":"DeleteReceived", "context":{"id":"806211f8-fcb0-497a-b58d-d9f9b30aab74", "isDeleted:":"true", "version":"1735156360400"}}
{"logTime": "1225/202351", "correlationVector":"kTGSK0CPdOVtVMjr+x4mKv.3","action":"GetUpdates", "result":"DeleteReceived", "context":{"id":"2f6b4d91-00a7-4131-b4f9-5b5763cb2ede", "isDeleted:":"true", "version":"1735156621610"}}
{"logTime": "1225/202351", "correlationVector":"kTGSK0CPdOVtVMjr+x4mKv.4","action":"GetUpdates", "result":"DeleteReceived", "context":{"id":"6b34be98-e897-4a4a-a246-cf16f56af59d", "isDeleted:":"true", "version":"1735156621613"}}
{"logTime": "1225/202351", "correlationVector":"kTGSK0CPdOVtVMjr+x4mKv.5","action":"GetUpdates Response", "result":"Success", "context":Received 6 update(s). cV=kTGSK0CPdOVtVMjr+x4mKv.0;server=GENERAL01000000;cloudType=Consumer;environment=Prod_WestEurope_000l;migrationStage=NotStarted}
{"logTime": "1225/202351", "correlationVector":"YMJ9X/9Kj2k3VvVCdBiFe0","action":"Commit Request", "result":"", "context":Item count: 3
Contributing types: Sessions}
{"logTime": "1225/202351", "correlationVector":"YMJ9X/9Kj2k3VvVCdBiFe0.1","action":"SyncServerConnectionManagerRequest", "result":"SYNC_SERVER_OK", "context":{"environment":"Prod_WestEurope_000l", "migrationStage":"NotStarted", "server":"GENERAL01000001"}}
{"logTime": "1225/202351", "correlationVector":"YMJ9X/9Kj2k3VvVCdBiFe0.3","action":"Commit.Sessions", "result":"Success", "context":{"id":"794492eb-9102-4570-ab02-4f7b9116eb06", "isDeleted":"true", "size":"0", "version":"1735155065249"}}
{"logTime": "1225/202351", "correlationVector":"YMJ9X/9Kj2k3VvVCdBiFe0.2","action":"Commit Response", "result":"Success", "context":Result: Success. cV=YMJ9X/9Kj2k3VvVCdBiFe0.0;server=GENERAL01000001;cloudType=Consumer;environment=Prod_WestEurope_000l;migrationStage=NotStarted}
{"logTime": "1225/202355", "correlationVector":"t0jQOFNHmC4kEkXYQfuvYO","action":"Commit Request", "result":"", "context":Item count: 1
Contributing types: Preferences}
{"logTime": "1225/202355", "correlationVector":"t0jQOFNHmC4kEkXYQfuvYO.1","action":"SyncServerConnectionManagerRequest", "result":"SYNC_SERVER_OK", "context":{"environment":"Prod_WestEurope_000l", "migrationStage":"NotStarted", "server":"GENERAL0100000Q"}}
{"logTime": "1225/202355", "correlationVector":"t0jQOFNHmC4kEkXYQfuvYO.2","action":"Commit Response", "result":"Success", "context":Result: Success. cV=t0jQOFNHmC4kEkXYQfuvYO.0;server=GENERAL0100000Q;cloudType=Consumer;environment=Prod_WestEurope_000l;migrationStage=NotStarted}
{"logTime": "1225/202425", "correlationVector":"RhzZ0VuIDhlYqZczMLCeuK","action":"Commit Request", "result":"", "context":Item count: 1
Contributing types: Sessions}
{"logTime": "1225/202425", "correlationVector":"RhzZ0VuIDhlYqZczMLCeuK.1","action":"SyncServerConnectionManagerRequest", "result":"SYNC_SERVER_OK", "context":{"environment":"Prod_WestEurope_000l", "migrationStage":"NotStarted", "server":"GENERAL01000011"}}
{"logTime": "1225/202425", "correlationVector":"RhzZ0VuIDhlYqZczMLCeuK.2","action":"Commit Response", "result":"Success", "context":Result: Success. cV=RhzZ0VuIDhlYqZczMLCeuK.0;server=GENERAL01000011;cloudType=Consumer;environment=Prod_WestEurope_000l;migrationStage=NotStarted}
{"logTime": "1225/202803", "correlationVector":"ess5JCwz1rzg+unC51DdfQ","action":"Commit Request", "result":"", "context":Item count: 1
Contributing types: Sessions}
{"logTime": "1225/202804", "correlationVector":"ess5JCwz1rzg+unC51DdfQ.1","action":"SyncServerConnectionManagerRequest", "result":"SYNC_SERVER_OK", "context":{"environment":"Prod_WestEurope_000l", "migrationStage":"NotStarted", "server":"GENERAL0100000D"}}
{"logTime": "1225/202804", "correlationVector":"ess5JCwz1rzg+unC51DdfQ.2","action":"Commit Response", "result":"Success", "context":Result: Success. cV=ess5JCwz1rzg+unC51DdfQ.0;server=GENERAL0100000D;cloudType=Consumer;environment=Prod_WestEurope_000l;migrationStage=NotStarted}
{"logTime": "1225/202850", "correlationVector":"jmeL+3b8EJgKU9HyY7FT/Z","action":"Normal GetUpdate request", "result":"", "context":cV=jmeL+3b8EJgKU9HyY7FT/Z
Refresh requested types: Bookmarks, Preferences, Passwords, Autofill Profiles, Autofill, Typed URLs, Extensions, Sessions, Extension settings, History Delete Directives, Device Info, User Consents, Send Tab To Self, Web Apps, Collection, Edge E Drop, Edge Hub App Usage, Edge Tab Group, Edge Wallet, Encryption Keys}
{"logTime": "1225/202850", "correlationVector":"jmeL+3b8EJgKU9HyY7FT/Z.1","action":"SyncServerConnectionManagerRequest", "result":"SYNC_SERVER_OK", "context":{"environment":"Prod_WestEurope_000l", "migrationStage":"NotStarted", "server":"GENERAL0100000L"}}
{"logTime": "1225/202850", "correlationVector":"jmeL+3b8EJgKU9HyY7FT/Z.2","action":"GetUpdates", "result":"DeleteReceived", "context":{"id":"794492eb-9102-4570-ab02-4f7b9116eb06", "isDeleted:":"true", "version":"1735158231311"}}
{"logTime": "1225/202850", "correlationVector":"jmeL+3b8EJgKU9HyY7FT/Z.3","action":"GetUpdates Response", "result":"Success", "context":Received 4 update(s). cV=jmeL+3b8EJgKU9HyY7FT/Z.0;server=GENERAL0100000L;cloudType=Consumer;environment=Prod_WestEurope_000l;migrationStage=NotStarted}
{"logTime": "1225/202924", "correlationVector":"aMqL4GhMGFJnmZeYZOater","action":"Commit Request", "result":"", "context":Item count: 1
Contributing types: Sessions}
{"logTime": "1225/202924", "correlationVector":"aMqL4GhMGFJnmZeYZOater.1","action":"SyncServerConnectionManagerRequest", "result":"SYNC_SERVER_OK", "context":{"environment":"Prod_WestEurope_000l", "migrationStage":"NotStarted", "server":"GENERAL0100000V"}}
{"logTime": "1225/202924", "correlationVector":"aMqL4GhMGFJnmZeYZOater.2","action":"Commit Response", "result":"Success", "context":Result: Success. cV=aMqL4GhMGFJnmZeYZOater.0;server=GENERAL0100000V;cloudType=Consumer;environment=Prod_WestEurope_000l;migrationStage=NotStarted}
{"logTime": "1225/203320", "correlationVector":"6jpwEHd9hFqCrbaKMmfI4c","action":"Commit Request", "result":"", "context":Item count: 1
Contributing types: Sessions}
{"logTime": "1225/203320", "correlationVector":"6jpwEHd9hFqCrbaKMmfI4c.1","action":"SyncServerConnectionManagerRequest", "result":"SYNC_SERVER_OK", "context":{"environment":"Prod_WestEurope_000l", "migrationStage":"NotStarted", "server":"GENERAL0100000P"}}
{"logTime": "1225/203320", "correlationVector":"6jpwEHd9hFqCrbaKMmfI4c.2","action":"Commit Response", "result":"Success", "context":Result: Success. cV=6jpwEHd9hFqCrbaKMmfI4c.0;server=GENERAL0100000P;cloudType=Consumer;environment=Prod_WestEurope_000l;migrationStage=NotStarted}
{"logTime": "1225/203422", "correlationVector":"tFFhrkWVMVh/afIxrB6bCu.1","action":"SyncServerConnectionManagerRequest", "result":"SYNC_SERVER_OK", "context":{"environment":"Prod_WestEurope_000l", "migrationStage":"NotStarted", "server":"GENERAL0100000X"}}
{"logTime": "1225/203422", "correlationVector":"8NA3W4lQ9Bfhqt81dDKxOo","action":"SyncServerConnectionManagerRequest", "result":"SYNC_SERVER_OK", "context":{"environment":"", "migrationStage":"", "server":""}}
{"logTime": "1225/203422", "correlationVector":"tFFhrkWVMVh/afIxrB6bCu","action":"Initial GetUpdates", "result":"", "context":Reason: NEW_CLIENT. cV=tFFhrkWVMVh/afIxrB6bCu}
{"logTime": "1225/203422", "correlationVector":"tFFhrkWVMVh/afIxrB6bCu.2","action":"GetUpdates Response", "result":"Success", "context":Received 1 update(s). cV=tFFhrkWVMVh/afIxrB6bCu.0;server=GENERAL0100000X;cloudType=Consumer;environment=Prod_WestEurope_000l;migrationStage=NotStarted}
{"logTime": "1225/203422", "correlationVector":"4WGovyQ6fHy3fQSNFVZJ2I","action":"Initial GetUpdates", "result":"", "context":Reason: NEWLY_SUPPORTED_DATATYPE. cV=4WGovyQ6fHy3fQSNFVZJ2I}
{"logTime": "1225/203422", "correlationVector":"4WGovyQ6fHy3fQSNFVZJ2I.1","action":"SyncServerConnectionManagerRequest", "result":"SYNC_SERVER_OK", "context":{"environment":"Prod_WestEurope_000l", "migrationStage":"NotStarted", "server":"GENERAL0100000C"}}
{"logTime": "1225/203422", "correlationVector":"4WGovyQ6fHy3fQSNFVZJ2I.2","action":"GetUpdates", "result":"DeleteReceived", "context":{"id":"902fc840-dad9-4fb9-922c-68444371595c", "isDeleted:":"true", "version":"1734889820306"}}
{"logTime": "1225/203422", "correlationVector":"4WGovyQ6fHy3fQSNFVZJ2I.3","action":"GetUpdates Response", "result":"Success", "context":Received 14 update(s). cV=4WGovyQ6fHy3fQSNFVZJ2I.0;server=GENERAL0100000C;cloudType=Consumer;environment=Prod_WestEurope_000l;migrationStage=NotStarted}
{"logTime": "1225/203423", "correlationVector":"fQ4OFOWHSWHCHsuPsZLV4g","action":"Normal GetUpdate request", "result":"", "context":cV=fQ4OFOWHSWHCHsuPsZLV4g
Nudged types: Sessions
Refresh requested types: Bookmarks, Preferences, Passwords, Autofill Profiles, Autofill, Typed URLs, Extensions, Sessions, Extension settings, History Delete Directives, Device Info, User Consents, Send Tab To Self, Web Apps, Collection, Edge E Drop, Edge Hub App Usage, Edge Tab Group, Edge Wallet, Encryption Keys}
{"logTime": "1225/203423", "correlationVector":"fQ4OFOWHSWHCHsuPsZLV4g.1","action":"SyncServerConnectionManagerRequest", "result":"SYNC_SERVER_OK", "context":{"environment":"Prod_WestEurope_000l", "migrationStage":"NotStarted", "server":"GENERAL0100000G"}}
{"logTime": "1225/203423", "correlationVector":"fQ4OFOWHSWHCHsuPsZLV4g.2","action":"GetUpdates Response", "result":"Success", "context":Received 1 update(s). cV=fQ4OFOWHSWHCHsuPsZLV4g.0;server=GENERAL0100000G;cloudType=Consumer;environment=Prod_WestEurope_000l;migrationStage=NotStarted}
{"logTime": "1225/203423", "correlationVector":"APFqvugyS0mTiOO1OsmeTJ","action":"Commit Request", "result":"", "context":Item count: 3
Contributing types: Sessions}
{"logTime": "1225/203423", "correlationVector":"APFqvugyS0mTiOO1OsmeTJ.1","action":"SyncServerConnectionManagerRequest", "result":"SYNC_SERVER_OK", "context":{"environment":"Prod_WestEurope_000l", "migrationStage":"NotStarted", "server":"GENERAL0100000R"}}
{"logTime": "1225/203423", "correlationVector":"APFqvugyS0mTiOO1OsmeTJ.2","action":"Commit Response", "result":"Success", "context":Result: Success. cV=APFqvugyS0mTiOO1OsmeTJ.0;server=GENERAL0100000R;cloudType=Consumer;environment=Prod_WestEurope_000l;migrationStage=NotStarted}
{"logTime": "1225/203428", "correlationVector":"ZpjBfUPksXi4YN+xtypOcw","action":"Commit Request", "result":"", "context":Item count: 1
Contributing types: Preferences}
{"logTime": "1225/203428", "correlationVector":"ZpjBfUPksXi4YN+xtypOcw.1","action":"SyncServerConnectionManagerRequest", "result":"SYNC_SERVER_OK", "context":{"environment":"Prod_WestEurope_000l", "migrationStage":"NotStarted", "server":"GENERAL0100000C"}}
{"logTime": "1225/203428", "correlationVector":"ZpjBfUPksXi4YN+xtypOcw.2","action":"Commit Response", "result":"Success", "context":Result: Success. cV=ZpjBfUPksXi4YN+xtypOcw.0;server=GENERAL0100000C;cloudType=Consumer;environment=Prod_WestEurope_000l;migrationStage=NotStarted}
{"logTime": "1225/203458", "correlationVector":"/CasmrOqxDnAgDoro2vkgW","action":"Commit Request", "result":"", "context":Item count: 2
Contributing types: Sessions}
{"logTime": "1225/203458", "correlationVector":"/CasmrOqxDnAgDoro2vkgW.1","action":"SyncServerConnectionManagerRequest", "result":"SYNC_SERVER_OK", "context":{"environment":"Prod_WestEurope_000l", "migrationStage":"NotStarted", "server":"GENERAL0100001F"}}
{"logTime": "1225/203458", "correlationVector":"/CasmrOqxDnAgDoro2vkgW.3","action":"Commit.Sessions", "result":"Success", "context":{"id":"09516194-fba6-4e1e-aa0b-bfe42c1a39bd", "isDeleted":"true", "size":"0", "version":"1735158863877"}}
{"logTime": "1225/203458", "correlationVector":"/CasmrOqxDnAgDoro2vkgW.2","action":"Commit Response", "result":"Success", "context":Result: Success. cV=/CasmrOqxDnAgDoro2vkgW.0;server=GENERAL0100001F;cloudType=Consumer;environment=Prod_WestEurope_000l;migrationStage=NotStarted}
{"logTime": "1225/203522", "correlationVector":"yZjK80tofSxjqNp+b4ZMrA","action":"Commit Request", "result":"", "context":Item count: 1
Contributing types: Sessions}
{"logTime": "1225/203523", "correlationVector":"yZjK80tofSxjqNp+b4ZMrA.1","action":"SyncServerConnectionManagerRequest", "result":"SYNC_SERVER_OK", "context":{"environment":"Prod_WestEurope_000l", "migrationStage":"NotStarted", "server":"GENERAL0100001N"}}
{"logTime": "1225/203523", "correlationVector":"yZjK80tofSxjqNp+b4ZMrA.2","action":"Commit Response", "result":"Success", "context":Result: Success. cV=yZjK80tofSxjqNp+b4ZMrA.0;server=GENERAL0100001N;cloudType=Consumer;environment=Prod_WestEurope_000l;migrationStage=NotStarted}
{"logTime": "1225/210401", "correlationVector":"/xgXAzGXISD4t2pKvH3EE2.1","action":"SyncServerConnectionManagerRequest", "result":"SYNC_SERVER_OK", "context":{"environment":"Prod_WestEurope_000l", "migrationStage":"NotStarted", "server":"GENERAL01000013"}}
{"logTime": "1225/210402", "correlationVector":"Il/fCc29KY/yMnIhmIA/sV","action":"SyncServerConnectionManagerRequest", "result":"SYNC_SERVER_OK", "context":{"environment":"", "migrationStage":"", "server":""}}
{"logTime": "1225/210402", "correlationVector":"/xgXAzGXISD4t2pKvH3EE2","action":"Initial GetUpdates", "result":"", "context":Reason: NEW_CLIENT. cV=/xgXAzGXISD4t2pKvH3EE2}
{"logTime": "1225/210402", "correlationVector":"/xgXAzGXISD4t2pKvH3EE2.2","action":"GetUpdates Response", "result":"Success", "context":Received 1 update(s). cV=/xgXAzGXISD4t2pKvH3EE2.0;server=GENERAL01000013;cloudType=Consumer;environment=Prod_WestEurope_000l;migrationStage=NotStarted}
{"logTime": "1225/210402", "correlationVector":"9BhcbPi1dRpePhWPY8gjL/","action":"Initial GetUpdates", "result":"", "context":Reason: NEWLY_SUPPORTED_DATATYPE. cV=9BhcbPi1dRpePhWPY8gjL/}
{"logTime": "1225/210402", "correlationVector":"9BhcbPi1dRpePhWPY8gjL/.1","action":"SyncServerConnectionManagerRequest", "result":"SYNC_SERVER_OK", "context":{"environment":"Prod_WestEurope_000l", "migrationStage":"NotStarted", "server":"GENERAL01000003"}}
{"logTime": "1225/210402", "correlationVector":"9BhcbPi1dRpePhWPY8gjL/.2","action":"GetUpdates", "result":"DeleteReceived", "context":{"id":"902fc840-dad9-4fb9-922c-68444371595c", "isDeleted:":"true", "version":"1734889820306"}}
{"logTime": "1225/210402", "correlationVector":"9BhcbPi1dRpePhWPY8gjL/.3","action":"GetUpdates Response", "result":"Success", "context":Received 14 update(s). cV=9BhcbPi1dRpePhWPY8gjL/.0;server=GENERAL01000003;cloudType=Consumer;environment=Prod_WestEurope_000l;migrationStage=NotStarted}
{"logTime": "1225/210402", "correlationVector":"fHgiL9QN/7d7NhRVA4BsMm","action":"Normal GetUpdate request", "result":"", "context":cV=fHgiL9QN/7d7NhRVA4BsMm
Nudged types: Sessions
Refresh requested types: Bookmarks, Preferences, Passwords, Autofill Profiles, Autofill, Typed URLs, Extensions, Sessions, Extension settings, History Delete Directives, Device Info, User Consents, Send Tab To Self, Web Apps, Collection, Edge E Drop, Edge Hub App Usage, Edge Tab Group, Edge Wallet, Encryption Keys}
{"logTime": "1225/210403", "correlationVector":"fHgiL9QN/7d7NhRVA4BsMm.1","action":"SyncServerConnectionManagerRequest", "result":"SYNC_SERVER_OK", "context":{"environment":"Prod_WestEurope_000l", "migrationStage":"NotStarted", "server":"GENERAL0100000D"}}
{"logTime": "1225/210403", "correlationVector":"fHgiL9QN/7d7NhRVA4BsMm.2","action":"GetUpdates", "result":"DeleteReceived", "context":{"id":"09516194-fba6-4e1e-aa0b-bfe42c1a39bd", "isDeleted:":"true", "version":"1735158898590"}}
{"logTime": "1225/210403", "correlationVector":"fHgiL9QN/7d7NhRVA4BsMm.3","action":"GetUpdates", "result":"DeleteReceived", "context":{"id":"bfbe9be7-f2b4-434f-8ec2-040a6fcb4160", "isDeleted:":"true", "version":"1735159086266"}}
{"logTime": "1225/210403", "correlationVector":"fHgiL9QN/7d7NhRVA4BsMm.4","action":"GetUpdates", "result":"DeleteReceived", "context":{"id":"8ef45e73-319e-47ec-9e2b-bc570d6ecab7", "isDeleted:":"true", "version":"1735159276469"}}
{"logTime": "1225/210403", "correlationVector":"fHgiL9QN/7d7NhRVA4BsMm.5","action":"GetUpdates", "result":"DeleteReceived", "context":{"id":"6708ea91-f1d3-46d4-b334-ce9ab0ed81cd", "isDeleted:":"true", "version":"1735160041186"}}
{"logTime": "1225/210403", "correlationVector":"fHgiL9QN/7d7NhRVA4BsMm.6","action":"GetUpdates", "result":"DeleteReceived", "context":{"id":"8b2cd4e3-f5d1-42de-b605-c392bec0a28c", "isDeleted:":"true", "version":"1735160092703"}}
{"logTime": "1225/210403", "correlationVector":"fHgiL9QN/7d7NhRVA4BsMm.7","action":"GetUpdates Response", "result":"Success", "context":Received 10 update(s). cV=fHgiL9QN/7d7NhRVA4BsMm.0;server=GENERAL0100000D;cloudType=Consumer;environment=Prod_WestEurope_000l;migrationStage=NotStarted}
{"logTime": "1225/210409", "correlationVector":"UAUvrs97Yq45MEdBzBHG5q","action":"Commit Request", "result":"", "context":Item count: 3
Contributing types: Preferences, Sessions}
{"logTime": "1225/210409", "correlationVector":"UAUvrs97Yq45MEdBzBHG5q.1","action":"SyncServerConnectionManagerRequest", "result":"SYNC_SERVER_OK", "context":{"environment":"Prod_WestEurope_000l", "migrationStage":"NotStarted", "server":"GENERAL01000005"}}
{"logTime": "1225/210409", "correlationVector":"UAUvrs97Yq45MEdBzBHG5q.2","action":"Commit Response", "result":"Success", "context":Result: Success. cV=UAUvrs97Yq45MEdBzBHG5q.0;server=GENERAL01000005;cloudType=Consumer;environment=Prod_WestEurope_000l;migrationStage=NotStarted}
{"logTime": "1225/210500", "correlationVector":"GVI4tuBdnYiOb+3zJCq2W9","action":"Commit Request", "result":"", "context":Item count: 1
Contributing types: Sessions}
{"logTime": "1225/210500", "correlationVector":"GVI4tuBdnYiOb+3zJCq2W9.1","action":"SyncServerConnectionManagerRequest", "result":"SYNC_SERVER_OK", "context":{"environment":"Prod_WestEurope_000l", "migrationStage":"NotStarted", "server":"GENERAL0100000P"}}
{"logTime": "1225/210500", "correlationVector":"GVI4tuBdnYiOb+3zJCq2W9.2","action":"Commit Response", "result":"Success", "context":Result: Success. cV=GVI4tuBdnYiOb+3zJCq2W9.0;server=GENERAL0100000P;cloudType=Consumer;environment=Prod_WestEurope_000l;migrationStage=NotStarted}
{"logTime": "1225/210849", "correlationVector":"rfCaTwzQnxKPkEbpqaSWZi","action":"Commit Request", "result":"", "context":Item count: 1
Contributing types: Sessions}
{"logTime": "1225/210849", "correlationVector":"rfCaTwzQnxKPkEbpqaSWZi.1","action":"SyncServerConnectionManagerRequest", "result":"SYNC_SERVER_OK", "context":{"environment":"Prod_WestEurope_000l", "migrationStage":"NotStarted", "server":"GENERAL0100001M"}}
{"logTime": "1225/210849", "correlationVector":"rfCaTwzQnxKPkEbpqaSWZi.2","action":"Commit Response", "result":"Success", "context":Result: Success. cV=rfCaTwzQnxKPkEbpqaSWZi.0;server=GENERAL0100001M;cloudType=Consumer;environment=Prod_WestEurope_000l;migrationStage=NotStarted}
{"logTime": "1225/210859", "correlationVector":"bKpunwajxj7IxgmrCY3Pgw","action":"Normal GetUpdate request", "result":"", "context":cV=bKpunwajxj7IxgmrCY3Pgw
Refresh requested types: Bookmarks, Preferences, Passwords, Autofill Profiles, Autofill, Typed URLs, Extensions, Sessions, Extension settings, History Delete Directives, Device Info, User Consents, Send Tab To Self, Web Apps, Collection, Edge E Drop, Edge Hub App Usage, Edge Tab Group, Edge Wallet, Encryption Keys}
{"logTime": "1225/210859", "correlationVector":"bKpunwajxj7IxgmrCY3Pgw.1","action":"SyncServerConnectionManagerRequest", "result":"SYNC_SERVER_OK", "context":{"environment":"Prod_WestEurope_000l", "migrationStage":"NotStarted", "server":"GENERAL01000011"}}
{"logTime": "1225/210859", "correlationVector":"bKpunwajxj7IxgmrCY3Pgw.2","action":"GetUpdates Response", "result":"Success", "context":Received 3 update(s). cV=bKpunwajxj7IxgmrCY3Pgw.0;server=GENERAL01000011;cloudType=Consumer;environment=Prod_WestEurope_000l;migrationStage=NotStarted}
{"logTime": "1225/211121", "correlationVector":"RH38eBZB9QxDLP3sLzkap2","action":"Commit Request", "result":"", "context":Item count: 2
Contributing types: Passwords, Sessions}
{"logTime": "1225/211121", "correlationVector":"RH38eBZB9QxDLP3sLzkap2.1","action":"SyncServerConnectionManagerRequest", "result":"SYNC_SERVER_OK", "context":{"environment":"Prod_WestEurope_000l", "migrationStage":"NotStarted", "server":"GENERAL0100001L"}}
{"logTime": "1225/211121", "correlationVector":"RH38eBZB9QxDLP3sLzkap2.2","action":"Commit Response", "result":"Success", "context":Result: Success. cV=RH38eBZB9QxDLP3sLzkap2.0;server=GENERAL0100001L;cloudType=Consumer;environment=Prod_WestEurope_000l;migrationStage=NotStarted}
{"logTime": "1225/211123", "correlationVector":"lcIJPHIr/pkarCnxTDQoP8","action":"Commit Request", "result":"", "context":Item count: 1
Contributing types: Preferences}
{"logTime": "1225/211123", "correlationVector":"lcIJPHIr/pkarCnxTDQoP8.1","action":"SyncServerConnectionManagerRequest", "result":"SYNC_SERVER_OK", "context":{"environment":"Prod_WestEurope_000l", "migrationStage":"NotStarted", "server":"GENERAL01000004"}}
{"logTime": "1225/211123", "correlationVector":"lcIJPHIr/pkarCnxTDQoP8.2","action":"Commit Response", "result":"Success", "context":Result: Success. cV=lcIJPHIr/pkarCnxTDQoP8.0;server=GENERAL01000004;cloudType=Consumer;environment=Prod_WestEurope_000l;migrationStage=NotStarted}
{"logTime": "1225/211155", "correlationVector":"E9F0mAN4wZC2Xfc15nk/sQ","action":"Commit Request", "result":"", "context":Item count: 1
Contributing types: Sessions}
{"logTime": "1225/211156", "correlationVector":"E9F0mAN4wZC2Xfc15nk/sQ.1","action":"SyncServerConnectionManagerRequest", "result":"SYNC_SERVER_OK", "context":{"environment":"Prod_WestEurope_000l", "migrationStage":"NotStarted", "server":"GENERAL0100000G"}}
{"logTime": "1225/211156", "correlationVector":"E9F0mAN4wZC2Xfc15nk/sQ.2","action":"Commit Response", "result":"Success", "context":Result: Success. cV=E9F0mAN4wZC2Xfc15nk/sQ.0;server=GENERAL0100000G;cloudType=Consumer;environment=Prod_WestEurope_000l;migrationStage=NotStarted}
{"logTime": "1225/211233", "correlationVector":"iUa/7LrFFQvFhunzoSMhNu","action":"Commit Request", "result":"", "context":Item count: 2
Contributing types: Passwords, Sessions}
{"logTime": "1225/211233", "correlationVector":"iUa/7LrFFQvFhunzoSMhNu.1","action":"SyncServerConnectionManagerRequest", "result":"SYNC_SERVER_OK", "context":{"environment":"Prod_WestEurope_000l", "migrationStage":"NotStarted", "server":"GENERAL0100000A"}}
{"logTime": "1225/211233", "correlationVector":"iUa/7LrFFQvFhunzoSMhNu.2","action":"Commit Response", "result":"Success", "context":Result: Success. cV=iUa/7LrFFQvFhunzoSMhNu.0;server=GENERAL0100000A;cloudType=Consumer;environment=Prod_WestEurope_000l;migrationStage=NotStarted}
{"logTime": "1225/211235", "correlationVector":"qa44sLdITsAdMV6W6KZOU4","action":"Commit Request", "result":"", "context":Item count: 1
Contributing types: Preferences}
{"logTime": "1225/211235", "correlationVector":"qa44sLdITsAdMV6W6KZOU4.1","action":"SyncServerConnectionManagerRequest", "result":"SYNC_SERVER_OK", "context":{"environment":"Prod_WestEurope_000l", "migrationStage":"NotStarted", "server":"GENERAL0100001K"}}
{"logTime": "1225/211235", "correlationVector":"qa44sLdITsAdMV6W6KZOU4.2","action":"Commit Response", "result":"Success", "context":Result: Success. cV=qa44sLdITsAdMV6W6KZOU4.0;server=GENERAL0100001K;cloudType=Consumer;environment=Prod_WestEurope_000l;migrationStage=NotStarted}
{"logTime": "1225/211306", "correlationVector":"8BgtcRFKWTFFH7AO5XH/88","action":"Commit Request", "result":"", "context":Item count: 1
Contributing types: Sessions}
{"logTime": "1225/211306", "correlationVector":"8BgtcRFKWTFFH7AO5XH/88.1","action":"SyncServerConnectionManagerRequest", "result":"SYNC_SERVER_OK", "context":{"environment":"Prod_WestEurope_000l", "migrationStage":"NotStarted", "server":"GENERAL01000001"}}
{"logTime": "1225/211306", "correlationVector":"8BgtcRFKWTFFH7AO5XH/88.2","action":"Commit Response", "result":"Success", "context":Result: Success. cV=8BgtcRFKWTFFH7AO5XH/88.0;server=GENERAL01000001;cloudType=Consumer;environment=Prod_WestEurope_000l;migrationStage=NotStarted}
{"logTime": "1225/211448", "correlationVector":"g0eFQtx4VAsLVfCM57uX8z","action":"Commit Request", "result":"", "context":Item count: 1
Contributing types: Sessions}
{"logTime": "1225/211449", "correlationVector":"g0eFQtx4VAsLVfCM57uX8z.1","action":"SyncServerConnectionManagerRequest", "result":"SYNC_SERVER_OK", "context":{"environment":"Prod_WestEurope_000l", "migrationStage":"NotStarted", "server":"GENERAL0100001G"}}
{"logTime": "1225/211449", "correlationVector":"g0eFQtx4VAsLVfCM57uX8z.2","action":"Commit Response", "result":"Success", "context":Result: Success. cV=g0eFQtx4VAsLVfCM57uX8z.0;server=GENERAL0100001G;cloudType=Consumer;environment=Prod_WestEurope_000l;migrationStage=NotStarted}
{"logTime": "1225/211524", "correlationVector":"4lYgxTfgcMhpCTVBSwcEYH","action":"Commit Request", "result":"", "context":Item count: 1
Contributing types: Sessions}
{"logTime": "1225/211524", "correlationVector":"4lYgxTfgcMhpCTVBSwcEYH.1","action":"SyncServerConnectionManagerRequest", "result":"SYNC_SERVER_OK", "context":{"environment":"Prod_WestEurope_000l", "migrationStage":"NotStarted", "server":"GENERAL0100000K"}}
{"logTime": "1225/211524", "correlationVector":"4lYgxTfgcMhpCTVBSwcEYH.2","action":"Commit Response", "result":"Success", "context":Result: Success. cV=4lYgxTfgcMhpCTVBSwcEYH.0;server=GENERAL0100000K;cloudType=Consumer;environment=Prod_WestEurope_000l;migrationStage=NotStarted}
{"logTime": "1225/211643", "correlationVector":"SERwLTnh2cdwrurM4kiAP0","action":"Commit Request", "result":"", "context":Item count: 1
Contributing types: Sessions}
{"logTime": "1225/211643", "correlationVector":"SERwLTnh2cdwrurM4kiAP0.1","action":"SyncServerConnectionManagerRequest", "result":"SYNC_SERVER_OK", "context":{"environment":"Prod_WestEurope_000l", "migrationStage":"NotStarted", "server":"GENERAL01000013"}}
{"logTime": "1225/211643", "correlationVector":"SERwLTnh2cdwrurM4kiAP0.2","action":"Commit Response", "result":"Success", "context":Result: Success. cV=SERwLTnh2cdwrurM4kiAP0.0;server=GENERAL01000013;cloudType=Consumer;environment=Prod_WestEurope_000l;migrationStage=NotStarted}
{"logTime": "1225/211822", "correlationVector":"ZEsi0ZRmc6fHM43X/2GfsR","action":"Commit Request", "result":"", "context":Item count: 1
Contributing types: Sessions}
{"logTime": "1225/211822", "correlationVector":"ZEsi0ZRmc6fHM43X/2GfsR.1","action":"SyncServerConnectionManagerRequest", "result":"SYNC_SERVER_OK", "context":{"environment":"Prod_WestEurope_000l", "migrationStage":"NotStarted", "server":"GENERAL0100001G"}}
{"logTime": "1225/211822", "correlationVector":"ZEsi0ZRmc6fHM43X/2GfsR.2","action":"Commit Response", "result":"Success", "context":Result: Success. cV=ZEsi0ZRmc6fHM43X/2GfsR.0;server=GENERAL0100001G;cloudType=Consumer;environment=Prod_WestEurope_000l;migrationStage=NotStarted}
{"logTime": "1225/211902", "correlationVector":"Tukfyde1EL0axLecllwYRv","action":"Commit Request", "result":"", "context":Item count: 1
Contributing types: Sessions}
{"logTime": "1225/211902", "correlationVector":"Tukfyde1EL0axLecllwYRv.1","action":"SyncServerConnectionManagerRequest", "result":"SYNC_SERVER_OK", "context":{"environment":"Prod_WestEurope_000l", "migrationStage":"NotStarted", "server":"GENERAL0100000V"}}
{"logTime": "1225/211902", "correlationVector":"Tukfyde1EL0axLecllwYRv.2","action":"Commit Response", "result":"Success", "context":Result: Success. cV=Tukfyde1EL0axLecllwYRv.0;server=GENERAL0100000V;cloudType=Consumer;environment=Prod_WestEurope_000l;migrationStage=NotStarted}
{"logTime": "1225/221448", "correlationVector":"XO26lmT9Lw690Ls1aDXHoL.1","action":"SyncServerConnectionManagerRequest", "result":"SYNC_SERVER_OK", "context":{"environment":"Prod_WestEurope_000l", "migrationStage":"NotStarted", "server":"GENERAL0100000J"}}
{"logTime": "1225/221450", "correlationVector":"AVX7mrmJhggBAPtjSVwCvn","action":"SyncServerConnectionManagerRequest", "result":"SYNC_SERVER_OK", "context":{"environment":"", "migrationStage":"", "server":""}}
{"logTime": "1225/221450", "correlationVector":"XO26lmT9Lw690Ls1aDXHoL","action":"Initial GetUpdates", "result":"", "context":Reason: NEW_CLIENT. cV=XO26lmT9Lw690Ls1aDXHoL}
{"logTime": "1225/221450", "correlationVector":"XO26lmT9Lw690Ls1aDXHoL.2","action":"GetUpdates Response", "result":"Success", "context":Received 1 update(s). cV=XO26lmT9Lw690Ls1aDXHoL.0;server=GENERAL0100000J;cloudType=Consumer;environment=Prod_WestEurope_000l;migrationStage=NotStarted}
{"logTime": "1225/221450", "correlationVector":"1dXYEDKYK1b3y1urcmTvA8","action":"Initial GetUpdates", "result":"", "context":Reason: NEWLY_SUPPORTED_DATATYPE. cV=1dXYEDKYK1b3y1urcmTvA8}
{"logTime": "1225/221450", "correlationVector":"1dXYEDKYK1b3y1urcmTvA8.1","action":"SyncServerConnectionManagerRequest", "result":"SYNC_SERVER_OK", "context":{"environment":"Prod_WestEurope_000l", "migrationStage":"NotStarted", "server":"GENERAL01000011"}}
{"logTime": "1225/221450", "correlationVector":"1dXYEDKYK1b3y1urcmTvA8.2","action":"GetUpdates", "result":"DeleteReceived", "context":{"id":"902fc840-dad9-4fb9-922c-68444371595c", "isDeleted:":"true", "version":"1734889820306"}}
{"logTime": "1225/221450", "correlationVector":"1dXYEDKYK1b3y1urcmTvA8.3","action":"GetUpdates Response", "result":"Success", "context":Received 15 update(s). cV=1dXYEDKYK1b3y1urcmTvA8.0;server=GENERAL01000011;cloudType=Consumer;environment=Prod_WestEurope_000l;migrationStage=NotStarted}
{"logTime": "1225/221450", "correlationVector":"ZQ193zH2Idkm9OXuEAISmg","action":"Normal GetUpdate request", "result":"", "context":cV=ZQ193zH2Idkm9OXuEAISmg
Nudged types: Sessions
Refresh requested types: Bookmarks, Preferences, Passwords, Autofill Profiles, Autofill, Typed URLs, Extensions, Sessions, Extension settings, History Delete Directives, Device Info, User Consents, Send Tab To Self, Web Apps, Collection, Edge E Drop, Edge Hub App Usage, Edge Tab Group, Edge Wallet, Encryption Keys}
{"logTime": "1225/221450", "correlationVector":"ZQ193zH2Idkm9OXuEAISmg.1","action":"SyncServerConnectionManagerRequest", "result":"SYNC_SERVER_OK", "context":{"environment":"Prod_WestEurope_000l", "migrationStage":"NotStarted", "server":"GENERAL01000009"}}
{"logTime": "1225/221450", "correlationVector":"ZQ193zH2Idkm9OXuEAISmg.2","action":"GetUpdates", "result":"DeleteReceived", "context":{"id":"251374e1-6dcf-436f-8f4e-5cf39562b6c1", "isDeleted:":"true", "version":"1735161631927"}}
{"logTime": "1225/221450", "correlationVector":"ZQ193zH2Idkm9OXuEAISmg.3","action":"GetUpdates Response", "result":"Success", "context":Received 4 update(s). cV=ZQ193zH2Idkm9OXuEAISmg.0;server=GENERAL01000009;cloudType=Consumer;environment=Prod_WestEurope_000l;migrationStage=NotStarted}
{"logTime": "1225/221455", "correlationVector":"oQYCh1awVYFXtNSsN98gQi","action":"Commit Request", "result":"", "context":Item count: 3
Contributing types: Preferences, Sessions}
{"logTime": "1225/221455", "correlationVector":"oQYCh1awVYFXtNSsN98gQi.1","action":"SyncServerConnectionManagerRequest", "result":"SYNC_SERVER_OK", "context":{"environment":"Prod_WestEurope_000l", "migrationStage":"NotStarted", "server":"GENERAL0100001K"}}
{"logTime": "1225/221455", "correlationVector":"oQYCh1awVYFXtNSsN98gQi.2","action":"Commit Response", "result":"Success", "context":Result: Success. cV=oQYCh1awVYFXtNSsN98gQi.0;server=GENERAL0100001K;cloudType=Consumer;environment=Prod_WestEurope_000l;migrationStage=NotStarted}
{"logTime": "1225/221548", "correlationVector":"DxPCDw+EMTtOvglQ3zaeHg","action":"Commit Request", "result":"", "context":Item count: 1
Contributing types: Sessions}
{"logTime": "1225/221548", "correlationVector":"DxPCDw+EMTtOvglQ3zaeHg.1","action":"SyncServerConnectionManagerRequest", "result":"SYNC_SERVER_OK", "context":{"environment":"Prod_WestEurope_000l", "migrationStage":"NotStarted", "server":"GENERAL0100001H"}}
{"logTime": "1225/221548", "correlationVector":"DxPCDw+EMTtOvglQ3zaeHg.2","action":"Commit Response", "result":"Success", "context":Result: Success. cV=DxPCDw+EMTtOvglQ3zaeHg.0;server=GENERAL0100001H;cloudType=Consumer;environment=Prod_WestEurope_000l;migrationStage=NotStarted}
{"logTime": "1225/221704", "correlationVector":"Lw0PJvfBuvUd+tacPOH8nt.1","action":"SyncServerConnectionManagerRequest", "result":"SYNC_SERVER_OK", "context":{"environment":"Prod_WestEurope_000l", "migrationStage":"NotStarted", "server":"GENERAL01000005"}}
{"logTime": "1225/221705", "correlationVector":"5Jwwa/tjtAgWXdQ61CTpPz","action":"SyncServerConnectionManagerRequest", "result":"SYNC_SERVER_OK", "context":{"environment":"", "migrationStage":"", "server":""}}
{"logTime": "1225/221705", "correlationVector":"Lw0PJvfBuvUd+tacPOH8nt","action":"Initial GetUpdates", "result":"", "context":Reason: NEW_CLIENT. cV=Lw0PJvfBuvUd+tacPOH8nt}
{"logTime": "1225/221705", "correlationVector":"Lw0PJvfBuvUd+tacPOH8nt.2","action":"GetUpdates Response", "result":"Success", "context":Received 1 update(s). cV=Lw0PJvfBuvUd+tacPOH8nt.0;server=GENERAL01000005;cloudType=Consumer;environment=Prod_WestEurope_000l;migrationStage=NotStarted}
{"logTime": "1225/221705", "correlationVector":"kCEnrFa0jh6+h/8pZFr0i4","action":"Initial GetUpdates", "result":"", "context":Reason: NEWLY_SUPPORTED_DATATYPE. cV=kCEnrFa0jh6+h/8pZFr0i4}
{"logTime": "1225/221705", "correlationVector":"kCEnrFa0jh6+h/8pZFr0i4.1","action":"SyncServerConnectionManagerRequest", "result":"SYNC_SERVER_OK", "context":{"environment":"Prod_WestEurope_000l", "migrationStage":"NotStarted", "server":"GENERAL0100001H"}}
{"logTime": "1225/221705", "correlationVector":"kCEnrFa0jh6+h/8pZFr0i4.2","action":"GetUpdates", "result":"DeleteReceived", "context":{"id":"902fc840-dad9-4fb9-922c-68444371595c", "isDeleted:":"true", "version":"1734889820306"}}
{"logTime": "1225/221705", "correlationVector":"kCEnrFa0jh6+h/8pZFr0i4.3","action":"GetUpdates Response", "result":"Success", "context":Received 15 update(s). cV=kCEnrFa0jh6+h/8pZFr0i4.0;server=GENERAL0100001H;cloudType=Consumer;environment=Prod_WestEurope_000l;migrationStage=NotStarted}
{"logTime": "1225/221705", "correlationVector":"heIAVKVmSJ8fWGlK5O8iJQ","action":"Normal GetUpdate request", "result":"", "context":cV=heIAVKVmSJ8fWGlK5O8iJQ
Nudged types: Sessions
Refresh requested types: Bookmarks, Preferences, Passwords, Autofill Profiles, Autofill, Typed URLs, Extensions, Sessions, Extension settings, History Delete Directives, Device Info, User Consents, Send Tab To Self, Web Apps, Collection, Edge E Drop, Edge Hub App Usage, Edge Tab Group, Edge Wallet, Encryption Keys}
{"logTime": "1225/221706", "correlationVector":"heIAVKVmSJ8fWGlK5O8iJQ.1","action":"SyncServerConnectionManagerRequest", "result":"SYNC_SERVER_OK", "context":{"environment":"Prod_WestEurope_000l", "migrationStage":"NotStarted", "server":"GENERAL0100000V"}}
{"logTime": "1225/221706", "correlationVector":"heIAVKVmSJ8fWGlK5O8iJQ.2","action":"GetUpdates Response", "result":"Success", "context":Received 3 update(s). cV=heIAVKVmSJ8fWGlK5O8iJQ.0;server=GENERAL0100000V;cloudType=Consumer;environment=Prod_WestEurope_000l;migrationStage=NotStarted}
{"logTime": "1225/221706", "correlationVector":"5NaEZQNwQh7Aiq/Upf7xl1","action":"Commit Request", "result":"", "context":Item count: 3
Contributing types: Sessions}
{"logTime": "1225/221706", "correlationVector":"5NaEZQNwQh7Aiq/Upf7xl1.1","action":"SyncServerConnectionManagerRequest", "result":"SYNC_SERVER_OK", "context":{"environment":"Prod_WestEurope_000l", "migrationStage":"NotStarted", "server":"GENERAL01000011"}}
{"logTime": "1225/221706", "correlationVector":"5NaEZQNwQh7Aiq/Upf7xl1.2","action":"Commit Response", "result":"Success", "context":Result: Success. cV=5NaEZQNwQh7Aiq/Upf7xl1.0;server=GENERAL01000011;cloudType=Consumer;environment=Prod_WestEurope_000l;migrationStage=NotStarted}
{"logTime": "1225/221711", "correlationVector":"FAXH6LOLp47vbSMVeNg87q","action":"Commit Request", "result":"", "context":Item count: 3
Contributing types: Preferences, Sessions}
{"logTime": "1225/221711", "correlationVector":"FAXH6LOLp47vbSMVeNg87q.1","action":"SyncServerConnectionManagerRequest", "result":"SYNC_SERVER_OK", "context":{"environment":"Prod_WestEurope_000l", "migrationStage":"NotStarted", "server":"GENERAL0100000Z"}}
{"logTime": "1225/221711", "correlationVector":"FAXH6LOLp47vbSMVeNg87q.3","action":"Commit.Sessions", "result":"Success", "context":{"id":"95ad7b50-0b70-4ecd-ab2b-5f2ceddfca84", "isDeleted":"true", "size":"0", "version":"1735165026322"}}
{"logTime": "1225/221711", "correlationVector":"FAXH6LOLp47vbSMVeNg87q.2","action":"Commit Response", "result":"Success", "context":Result: Success. cV=FAXH6LOLp47vbSMVeNg87q.0;server=GENERAL0100000Z;cloudType=Consumer;environment=Prod_WestEurope_000l;migrationStage=NotStarted}
