2024-12-25 19:02:13.362: [INFO][Sync] Reset engine, reason: 8
2024-12-25 19:02:13.362: [INFO][Sync] Stopped: Bookmarks
2024-12-25 19:02:13.362: [INFO][Sync] Stopped: Preferences
2024-12-25 19:02:13.362: [INFO][Sync] Stopped: Passwords
2024-12-25 19:02:13.362: [INFO][Sync] Stopped: Autofill Profiles
2024-12-25 19:02:13.362: [INFO][Sync] Stopped: Autofill
2024-12-25 19:02:13.362: [INFO][Sync] Stopped: Typed URLs
2024-12-25 19:02:13.362: [INFO][Sync] Stopped: Extensions
2024-12-25 19:02:13.362: [INFO][Sync] Stopped: Sessions
2024-12-25 19:02:13.362: [INFO][Sync] Stopped: Extension settings
2024-12-25 19:02:13.362: [INFO][Sync] Stopped: History Delete Directives
2024-12-25 19:02:13.362: [INFO][Sync] Stopped: Device Info
2024-12-25 19:02:13.362: [INFO][Sync] Stopped: User Consents
2024-12-25 19:02:13.362: [INFO][Sync] Stopped: Send Tab To Self
2024-12-25 19:02:13.362: [INFO][Sync] Stopped: Web Apps
2024-12-25 19:02:13.362: [INFO][Sync] Stopped: History
2024-12-25 19:02:13.362: [INFO][Sync] Stopped: Collection
2024-12-25 19:02:13.362: [INFO][Sync] Stopped: Edge E Drop
2024-12-25 19:02:13.362: [INFO][Sync] Stopped: Edge Hub App Usage
2024-12-25 19:02:13.362: [INFO][Sync] Stopped: Edge Tab Group
2024-12-25 19:02:13.362: [INFO][Sync] Stopped: Edge Wallet
2024-12-25 19:02:13.362: [INFO][Sync] SyncState after authenticated was: NotSignedIn
2024-12-25 19:02:14.034: [INFO][Sync] Try to start sync engine
2024-12-25 19:02:14.035: [INFO][SyncManagerImpl::NudgeForInitialDownload] Initial download nudge for Encryption Keys
2024-12-25 19:02:14.035: [INFO][SyncEngineBackend::LoadAndConnectNigoriController] Load and connect Nigori controller
2024-12-25 19:02:14.035: [INFO][SyncEngineBackend::DoInitialize] Control Types added: Encryption Keys
2024-12-25 19:02:14.035: [INFO][SyncManagerImpl::ConfigureSyncer] Types to download: Encryption Keys with reason: 3
2024-12-25 19:02:14.035: [INFO][SyncSchedulerImpl::DoConfigurationSyncCycleJob] Configure job was blocked
2024-12-25 19:02:14.325: [INFO][SyncAuthManager::SetLastAuthError] Current auth error: None
2024-12-25 19:02:14.325: [INFO][SyncAuthManager::EdgeLogTokenErrorState] Token error with: None for account type: MSA
2024-12-25 19:02:14.325: [INFO][Sync] Credentials changed for: EdgeSyncScopeNew
2024-12-25 19:02:15.428: [INFO][SyncAuthManager::SetLastAuthError] Current auth error: None
2024-12-25 19:02:15.428: [INFO][SyncAuthManager::EdgeLogTokenErrorState] Token error with: None for account type: MSA
2024-12-25 19:02:15.428: [INFO][Sync] Credentials changed for: EdgeSyncKeyDataScope
2024-12-25 19:02:15.428: [INFO][SyncEngineBackend::DoUpdateKeyDataCredentials] Update key data credentials
2024-12-25 19:02:15.428: [INFO][SyncEngineBackend::DoUpdateCredentials] Update credentials
2024-12-25 19:02:15.428: [INFO][SyncSchedulerImpl::DoConfigurationSyncCycleJob] Blocked types:  and types to download: Encryption Keys
2024-12-25 19:02:15.787: [INFO][Sync] Started DataTypeManager configuration, reason: 4
2024-12-25 19:02:15.787: [INFO][Sync] Configuring for: Bookmarks, Preferences, Passwords, Autofill Profiles, Autofill, Typed URLs, Extensions, Sessions, Extension settings, History Delete Directives, Device Info, User Consents, Send Tab To Self, Web Apps, Collection, Edge E Drop, Edge Hub App Usage, Edge Tab Group, Edge Wallet, Encryption Keys, reason: 3, current state: 0
2024-12-25 19:02:15.788: [INFO][Sync] Configure, desired: Bookmarks, Preferences, Typed URLs, Extensions, Sessions, Extension settings, History Delete Directives, Device Info, User Consents, Send Tab To Self, Web Apps, Collection, Edge E Drop, Edge Hub App Usage, Edge Tab Group, Edge Wallet, Encryption Keys; Allow fail: Passwords, Autofill Profiles, Autofill
2024-12-25 19:02:15.788: [INFO][Sync] Loading: Bookmarks
2024-12-25 19:02:15.788: [INFO][Sync] Loading: Preferences
2024-12-25 19:02:15.788: [INFO][Sync] Loading: Typed URLs
2024-12-25 19:02:15.788: [INFO][Sync] Loading: Extensions
2024-12-25 19:02:15.788: [INFO][Sync] Loading: Sessions
2024-12-25 19:02:15.788: [INFO][Sync] Loading: Extension settings
2024-12-25 19:02:15.788: [INFO][Sync] Loading: History Delete Directives
2024-12-25 19:02:15.788: [INFO][Sync] Loading: Device Info
2024-12-25 19:02:15.788: [INFO][Sync] Loading: User Consents
2024-12-25 19:02:15.788: [INFO][Sync] Loading: Send Tab To Self
2024-12-25 19:02:15.788: [INFO][Sync] Loading: Web Apps
2024-12-25 19:02:15.788: [INFO][Sync] Loading: Collection
2024-12-25 19:02:15.788: [INFO][Sync] Loading: Edge E Drop
2024-12-25 19:02:15.788: [INFO][Sync] Loading: Edge Hub App Usage
2024-12-25 19:02:15.788: [INFO][Sync] Loading: Edge Tab Group
2024-12-25 19:02:15.788: [INFO][Sync] Loading: Edge Wallet
2024-12-25 19:02:15.793: [INFO][Sync] All data types are ready for configure.
2024-12-25 19:02:16.264: [INFO][Sync] Started DataTypeManager configuration, reason: 5
2024-12-25 19:02:16.264: [INFO][Sync] Configuring for: Bookmarks, Preferences, Passwords, Autofill Profiles, Autofill, Typed URLs, Extensions, Sessions, Extension settings, History Delete Directives, Device Info, User Consents, Send Tab To Self, Web Apps, Collection, Edge E Drop, Edge Hub App Usage, Edge Tab Group, Edge Wallet, Encryption Keys, reason: 5, current state: 1
2024-12-25 19:02:16.265: [INFO][SyncEngineBackend::DoStartConfiguration] Start configuration
2024-12-25 19:02:16.265: [INFO][SyncManagerImpl::NudgeForInitialDownload] Initial download nudge for Bookmarks
2024-12-25 19:02:16.265: [INFO][SyncManagerImpl::NudgeForInitialDownload] Initial download nudge for Preferences
2024-12-25 19:02:16.265: [INFO][SyncManagerImpl::NudgeForInitialDownload] Initial download nudge for Typed URLs
2024-12-25 19:02:16.265: [INFO][SyncManagerImpl::NudgeForInitialDownload] Initial download nudge for Extensions
2024-12-25 19:02:16.265: [INFO][SyncManagerImpl::NudgeForInitialDownload] Initial download nudge for Sessions
2024-12-25 19:02:16.265: [INFO][SyncManagerImpl::NudgeForInitialDownload] Initial download nudge for Extension settings
2024-12-25 19:02:16.265: [INFO][SyncManagerImpl::NudgeForInitialDownload] Initial download nudge for History Delete Directives
2024-12-25 19:02:16.265: [INFO][SyncManagerImpl::NudgeForInitialDownload] Initial download nudge for Device Info
2024-12-25 19:02:16.265: [INFO][SyncManagerImpl::NudgeForInitialDownload] Initial download nudge for Send Tab To Self
2024-12-25 19:02:16.265: [INFO][SyncManagerImpl::NudgeForInitialDownload] Initial download nudge for Web Apps
2024-12-25 19:02:16.265: [INFO][SyncManagerImpl::NudgeForInitialDownload] Initial download nudge for Collection
2024-12-25 19:02:16.265: [INFO][SyncManagerImpl::NudgeForInitialDownload] Initial download nudge for Edge E Drop
2024-12-25 19:02:16.265: [INFO][SyncManagerImpl::NudgeForInitialDownload] Initial download nudge for Edge Hub App Usage
2024-12-25 19:02:16.265: [INFO][SyncManagerImpl::NudgeForInitialDownload] Initial download nudge for Edge Tab Group
2024-12-25 19:02:16.265: [INFO][SyncManagerImpl::NudgeForInitialDownload] Initial download nudge for Edge Wallet
2024-12-25 19:02:16.265: [INFO][SyncManagerImpl::ConfigureSyncer] Types to download:  with reason: 3
2024-12-25 19:02:16.265: [INFO][SyncEngineBackend::DoFinishConfigureDataTypes] Failed to download types:  and succeeded types: 
2024-12-25 19:02:16.265: [INFO][Sync] ConfigurationDone, failed: , succeeded: , remaining count: 3
2024-12-25 19:02:16.265: [WARN][Sync]     Reconfigure requested while configuration ongoing.
2024-12-25 19:02:16.265: [INFO][Sync] Configuring for: Bookmarks, Preferences, Passwords, Autofill Profiles, Autofill, Typed URLs, Extensions, Sessions, Extension settings, History Delete Directives, Device Info, User Consents, Send Tab To Self, Web Apps, Collection, Edge E Drop, Edge Hub App Usage, Edge Tab Group, Edge Wallet, Encryption Keys, reason: 5, current state: 2
2024-12-25 19:02:16.265: [INFO][Sync] Configure, desired: Bookmarks, Preferences, Passwords, Autofill Profiles, Autofill, Typed URLs, Extensions, Sessions, Extension settings, History Delete Directives, Device Info, User Consents, Send Tab To Self, Web Apps, Collection, Edge E Drop, Edge Hub App Usage, Edge Tab Group, Edge Wallet, Encryption Keys; Allow fail: 
2024-12-25 19:02:16.265: [INFO][Sync] Loading: Passwords
2024-12-25 19:02:16.265: [INFO][Sync] Loading: Autofill Profiles
2024-12-25 19:02:16.265: [INFO][Sync] Loading: Autofill
2024-12-25 19:02:16.266: [INFO][Sync] All data types are ready for configure.
2024-12-25 19:02:16.266: [INFO][SyncManagerImpl::NudgeForInitialDownload] Initial download nudge for Passwords
2024-12-25 19:02:16.266: [INFO][SyncManagerImpl::NudgeForInitialDownload] Initial download nudge for Autofill Profiles
2024-12-25 19:02:16.266: [INFO][SyncManagerImpl::NudgeForInitialDownload] Initial download nudge for Autofill
2024-12-25 19:02:16.266: [INFO][SyncManagerImpl::ConfigureSyncer] Types to download:  with reason: 5
2024-12-25 19:02:16.266: [INFO][SyncEngineBackend::DoFinishConfigureDataTypes] Failed to download types:  and succeeded types: 
2024-12-25 19:02:16.266: [INFO][Sync] ConfigurationDone, failed: , succeeded: , remaining count: 3
2024-12-25 19:02:16.266: [INFO][Sync] Prepare to configure types: Preferences, Passwords, Device Info, Send Tab To Self, Edge E Drop, Encryption Keys
2024-12-25 19:02:16.266: [INFO][SyncManagerImpl::ConfigureSyncer] Types to download: Preferences, Passwords, Device Info, Send Tab To Self, Edge E Drop, Encryption Keys with reason: 5
2024-12-25 19:02:16.266: [INFO][SyncSchedulerImpl::DoConfigurationSyncCycleJob] Blocked types:  and types to download: Preferences, Passwords, Device Info, Send Tab To Self, Edge E Drop, Encryption Keys
2024-12-25 19:02:16.549: [INFO][SyncEngineBackend::DoFinishConfigureDataTypes] Failed to download types:  and succeeded types: Preferences, Passwords, Device Info, Send Tab To Self, Edge E Drop, Encryption Keys
2024-12-25 19:02:16.550: [INFO][Sync] ConfigurationDone, failed: , succeeded: Preferences, Passwords, Device Info, Send Tab To Self, Edge E Drop, Encryption Keys, remaining count: 2
2024-12-25 19:02:16.550: [INFO][Sync] Prepare to configure types: Bookmarks, Encryption Keys
2024-12-25 19:02:16.550: [INFO][SyncManagerImpl::ConfigureSyncer] Types to download: Bookmarks, Encryption Keys with reason: 5
2024-12-25 19:02:16.550: [INFO][SyncSchedulerImpl::DoConfigurationSyncCycleJob] Blocked types:  and types to download: Bookmarks, Encryption Keys
2024-12-25 19:02:16.692: [INFO][SyncEngineBackend::DoFinishConfigureDataTypes] Failed to download types:  and succeeded types: Bookmarks, Encryption Keys
2024-12-25 19:02:16.693: [INFO][Sync] ConfigurationDone, failed: , succeeded: Bookmarks, Encryption Keys, remaining count: 1
2024-12-25 19:02:16.694: [INFO][Sync] Prepare to configure types: Autofill Profiles, Autofill, Typed URLs, Extensions, Sessions, Extension settings, History Delete Directives, Web Apps, Collection, Edge Hub App Usage, Edge Tab Group, Edge Wallet, Encryption Keys
2024-12-25 19:02:16.694: [INFO][SyncManagerImpl::ConfigureSyncer] Types to download: Autofill Profiles, Autofill, Typed URLs, Extensions, Sessions, Extension settings, History Delete Directives, Web Apps, Collection, Edge Hub App Usage, Edge Tab Group, Edge Wallet, Encryption Keys with reason: 5
2024-12-25 19:02:16.694: [INFO][SyncSchedulerImpl::DoConfigurationSyncCycleJob] Blocked types:  and types to download: Autofill Profiles, Autofill, Typed URLs, Extensions, Sessions, Extension settings, History Delete Directives, Web Apps, Collection, Edge Hub App Usage, Edge Tab Group, Edge Wallet, Encryption Keys
2024-12-25 19:02:16.996: [INFO][SyncEngineBackend::DoFinishConfigureDataTypes] Failed to download types:  and succeeded types: Autofill Profiles, Autofill, Typed URLs, Extensions, Sessions, Extension settings, History Delete Directives, Web Apps, Collection, Edge Hub App Usage, Edge Tab Group, Edge Wallet, Encryption Keys
2024-12-25 19:02:16.998: [INFO][Sync] ConfigurationDone, failed: , succeeded: Autofill Profiles, Autofill, Typed URLs, Extensions, Sessions, Extension settings, History Delete Directives, Web Apps, Collection, Edge Hub App Usage, Edge Tab Group, Edge Wallet, Encryption Keys, remaining count: 0
2024-12-25 19:02:16.998: [INFO][Sync]     Configuration completed, state: 7
2024-12-25 19:02:16.998: [INFO][Sync] Configured DataTypeManager: Ok
2024-12-25 19:02:16.999: [INFO][SyncEngineBackend::DoStartSyncing] Start syncing
2024-12-25 20:23:48.802: [INFO][Sync] SyncState after authenticated was: FeatureCanStart
2024-12-25 20:23:49.493: [INFO][Sync] Try to start sync engine
2024-12-25 20:23:49.494: [INFO][SyncManagerImpl::NudgeForInitialDownload] Initial download nudge for Encryption Keys
2024-12-25 20:23:49.494: [INFO][SyncEngineBackend::LoadAndConnectNigoriController] Load and connect Nigori controller
2024-12-25 20:23:49.494: [INFO][SyncEngineBackend::DoInitialize] Control Types added: Encryption Keys
2024-12-25 20:23:49.494: [INFO][SyncManagerImpl::ConfigureSyncer] Types to download: Encryption Keys with reason: 3
2024-12-25 20:23:49.494: [INFO][SyncSchedulerImpl::DoConfigurationSyncCycleJob] Configure job was blocked
2024-12-25 20:23:49.515: [INFO][SyncAuthManager::SetLastAuthError] Current auth error: None
2024-12-25 20:23:49.515: [INFO][SyncAuthManager::EdgeLogTokenErrorState] Token error with: None for account type: MSA
2024-12-25 20:23:49.515: [INFO][Sync] Credentials changed for: EdgeSyncScopeNew
2024-12-25 20:23:49.765: [INFO][SyncAuthManager::SetLastAuthError] Current auth error: None
2024-12-25 20:23:49.765: [INFO][SyncAuthManager::EdgeLogTokenErrorState] Token error with: None for account type: MSA
2024-12-25 20:23:49.765: [INFO][Sync] Credentials changed for: EdgeSyncKeyDataScope
2024-12-25 20:23:49.765: [INFO][SyncEngineBackend::DoUpdateKeyDataCredentials] Update key data credentials
2024-12-25 20:23:49.765: [INFO][SyncEngineBackend::DoUpdateCredentials] Update credentials
2024-12-25 20:23:49.765: [INFO][SyncSchedulerImpl::DoConfigurationSyncCycleJob] Blocked types:  and types to download: Encryption Keys
2024-12-25 20:23:50.161: [INFO][Sync] Started DataTypeManager configuration, reason: 4
2024-12-25 20:23:50.161: [INFO][Sync] Configuring for: Bookmarks, Preferences, Passwords, Autofill Profiles, Autofill, Typed URLs, Extensions, Sessions, Extension settings, History Delete Directives, Device Info, User Consents, Send Tab To Self, Web Apps, Collection, Edge E Drop, Edge Hub App Usage, Edge Tab Group, Edge Wallet, Encryption Keys, reason: 4, current state: 0
2024-12-25 20:23:50.161: [INFO][Sync] Configure, desired: Bookmarks, Preferences, Typed URLs, Extensions, Sessions, Extension settings, History Delete Directives, Device Info, User Consents, Send Tab To Self, Web Apps, Collection, Edge E Drop, Edge Hub App Usage, Edge Tab Group, Edge Wallet, Encryption Keys; Allow fail: Passwords, Autofill Profiles, Autofill
2024-12-25 20:23:50.161: [INFO][Sync] Loading: Bookmarks
2024-12-25 20:23:50.161: [INFO][Sync] Loading: Preferences
2024-12-25 20:23:50.161: [INFO][Sync] Loading: Typed URLs
2024-12-25 20:23:50.161: [INFO][Sync] Loading: Extensions
2024-12-25 20:23:50.161: [INFO][Sync] Loading: Sessions
2024-12-25 20:23:50.161: [INFO][Sync] Loading: Extension settings
2024-12-25 20:23:50.161: [INFO][Sync] Loading: History Delete Directives
2024-12-25 20:23:50.161: [INFO][Sync] Loading: Device Info
2024-12-25 20:23:50.161: [INFO][Sync] Loading: User Consents
2024-12-25 20:23:50.161: [INFO][Sync] Loading: Send Tab To Self
2024-12-25 20:23:50.161: [INFO][Sync] Loading: Web Apps
2024-12-25 20:23:50.161: [INFO][Sync] Loading: Collection
2024-12-25 20:23:50.161: [INFO][Sync] Loading: Edge E Drop
2024-12-25 20:23:50.161: [INFO][Sync] Loading: Edge Hub App Usage
2024-12-25 20:23:50.161: [INFO][Sync] Loading: Edge Tab Group
2024-12-25 20:23:50.161: [INFO][Sync] Loading: Edge Wallet
2024-12-25 20:23:50.163: [INFO][Sync] All data types are ready for configure.
2024-12-25 20:23:50.536: [INFO][Sync] Started DataTypeManager configuration, reason: 5
2024-12-25 20:23:50.536: [INFO][Sync] Configuring for: Bookmarks, Preferences, Passwords, Autofill Profiles, Autofill, Typed URLs, Extensions, Sessions, Extension settings, History Delete Directives, Device Info, User Consents, Send Tab To Self, Web Apps, Collection, Edge E Drop, Edge Hub App Usage, Edge Tab Group, Edge Wallet, Encryption Keys, reason: 5, current state: 1
2024-12-25 20:23:50.536: [INFO][SyncEngineBackend::DoStartConfiguration] Start configuration
2024-12-25 20:23:50.536: [INFO][SyncManagerImpl::ConfigureSyncer] Types to download:  with reason: 4
2024-12-25 20:23:50.536: [INFO][SyncEngineBackend::DoFinishConfigureDataTypes] Failed to download types:  and succeeded types: 
2024-12-25 20:23:50.537: [INFO][Sync] ConfigurationDone, failed: , succeeded: , remaining count: 3
2024-12-25 20:23:50.537: [WARN][Sync]     Reconfigure requested while configuration ongoing.
2024-12-25 20:23:50.537: [INFO][Sync] Configuring for: Bookmarks, Preferences, Passwords, Autofill Profiles, Autofill, Typed URLs, Extensions, Sessions, Extension settings, History Delete Directives, Device Info, User Consents, Send Tab To Self, Web Apps, Collection, Edge E Drop, Edge Hub App Usage, Edge Tab Group, Edge Wallet, Encryption Keys, reason: 5, current state: 2
2024-12-25 20:23:50.537: [INFO][Sync] Configure, desired: Bookmarks, Preferences, Passwords, Autofill Profiles, Autofill, Typed URLs, Extensions, Sessions, Extension settings, History Delete Directives, Device Info, User Consents, Send Tab To Self, Web Apps, Collection, Edge E Drop, Edge Hub App Usage, Edge Tab Group, Edge Wallet, Encryption Keys; Allow fail: 
2024-12-25 20:23:50.537: [INFO][Sync] Loading: Passwords
2024-12-25 20:23:50.537: [INFO][Sync] Loading: Autofill Profiles
2024-12-25 20:23:50.537: [INFO][Sync] Loading: Autofill
2024-12-25 20:23:50.537: [INFO][Sync] All data types are ready for configure.
2024-12-25 20:23:50.537: [INFO][SyncManagerImpl::NudgeForInitialDownload] Initial download nudge for Passwords
2024-12-25 20:23:50.537: [INFO][SyncManagerImpl::ConfigureSyncer] Types to download:  with reason: 5
2024-12-25 20:23:50.537: [INFO][SyncEngineBackend::DoFinishConfigureDataTypes] Failed to download types:  and succeeded types: 
2024-12-25 20:23:50.537: [INFO][Sync] ConfigurationDone, failed: , succeeded: , remaining count: 3
2024-12-25 20:23:50.537: [INFO][Sync] Prepare to configure types: Passwords, Encryption Keys
2024-12-25 20:23:50.537: [INFO][SyncManagerImpl::ConfigureSyncer] Types to download: Passwords, Encryption Keys with reason: 5
2024-12-25 20:23:50.537: [INFO][SyncSchedulerImpl::DoConfigurationSyncCycleJob] Blocked types:  and types to download: Passwords, Encryption Keys
2024-12-25 20:23:50.722: [INFO][SyncEngineBackend::DoFinishConfigureDataTypes] Failed to download types:  and succeeded types: Passwords, Encryption Keys
2024-12-25 20:23:50.723: [INFO][Sync] ConfigurationDone, failed: , succeeded: Passwords, Encryption Keys, remaining count: 2
2024-12-25 20:23:50.723: [INFO][SyncManagerImpl::ConfigureSyncer] Types to download:  with reason: 5
2024-12-25 20:23:50.723: [INFO][SyncEngineBackend::DoFinishConfigureDataTypes] Failed to download types:  and succeeded types: 
2024-12-25 20:23:50.723: [INFO][Sync] ConfigurationDone, failed: , succeeded: , remaining count: 1
2024-12-25 20:23:50.724: [INFO][SyncManagerImpl::ConfigureSyncer] Types to download:  with reason: 5
2024-12-25 20:23:50.724: [INFO][SyncEngineBackend::DoFinishConfigureDataTypes] Failed to download types:  and succeeded types: 
2024-12-25 20:23:50.725: [INFO][Sync] ConfigurationDone, failed: , succeeded: , remaining count: 0
2024-12-25 20:23:50.726: [INFO][Sync]     Configuration completed, state: 7
2024-12-25 20:23:50.726: [INFO][Sync] Configured DataTypeManager: Ok
2024-12-25 20:23:50.727: [INFO][SyncEngineBackend::DoStartSyncing] Start syncing
2024-12-25 20:33:42.375: [INFO][Sync] Reset engine, reason: 0
2024-12-25 20:33:42.375: [INFO][Sync] Reset engine with reason: 0
2024-12-25 20:34:20.915: [INFO][Sync] SyncState after authenticated was: FeatureCanStart
2024-12-25 20:34:21.766: [INFO][Sync] Try to start sync engine
2024-12-25 20:34:21.767: [INFO][SyncManagerImpl::NudgeForInitialDownload] Initial download nudge for Encryption Keys
2024-12-25 20:34:21.767: [INFO][SyncEngineBackend::LoadAndConnectNigoriController] Load and connect Nigori controller
2024-12-25 20:34:21.767: [INFO][SyncEngineBackend::DoInitialize] Control Types added: Encryption Keys
2024-12-25 20:34:21.767: [INFO][SyncManagerImpl::ConfigureSyncer] Types to download: Encryption Keys with reason: 3
2024-12-25 20:34:21.767: [INFO][SyncSchedulerImpl::DoConfigurationSyncCycleJob] Configure job was blocked
2024-12-25 20:34:21.796: [INFO][SyncAuthManager::SetLastAuthError] Current auth error: None
2024-12-25 20:34:21.796: [INFO][SyncAuthManager::EdgeLogTokenErrorState] Token error with: None for account type: MSA
2024-12-25 20:34:21.796: [INFO][Sync] Credentials changed for: EdgeSyncScopeNew
2024-12-25 20:34:21.836: [INFO][SyncAuthManager::SetLastAuthError] Current auth error: None
2024-12-25 20:34:21.836: [INFO][SyncAuthManager::EdgeLogTokenErrorState] Token error with: None for account type: MSA
2024-12-25 20:34:21.836: [INFO][Sync] Credentials changed for: EdgeSyncKeyDataScope
2024-12-25 20:34:21.836: [INFO][SyncEngineBackend::DoUpdateKeyDataCredentials] Update key data credentials
2024-12-25 20:34:21.836: [INFO][SyncEngineBackend::DoUpdateCredentials] Update credentials
2024-12-25 20:34:21.836: [INFO][SyncSchedulerImpl::DoConfigurationSyncCycleJob] Blocked types:  and types to download: Encryption Keys
2024-12-25 20:34:22.186: [INFO][Sync] Started DataTypeManager configuration, reason: 4
2024-12-25 20:34:22.186: [INFO][Sync] Configuring for: Bookmarks, Preferences, Passwords, Autofill Profiles, Autofill, Typed URLs, Extensions, Sessions, Extension settings, History Delete Directives, Device Info, User Consents, Send Tab To Self, Web Apps, Collection, Edge E Drop, Edge Hub App Usage, Edge Tab Group, Edge Wallet, Encryption Keys, reason: 4, current state: 0
2024-12-25 20:34:22.187: [INFO][Sync] Configure, desired: Bookmarks, Preferences, Typed URLs, Extensions, Sessions, Extension settings, History Delete Directives, Device Info, User Consents, Send Tab To Self, Web Apps, Collection, Edge E Drop, Edge Hub App Usage, Edge Tab Group, Edge Wallet, Encryption Keys; Allow fail: Passwords, Autofill Profiles, Autofill
2024-12-25 20:34:22.187: [INFO][Sync] Loading: Bookmarks
2024-12-25 20:34:22.187: [INFO][Sync] Loading: Preferences
2024-12-25 20:34:22.187: [INFO][Sync] Loading: Typed URLs
2024-12-25 20:34:22.187: [INFO][Sync] Loading: Extensions
2024-12-25 20:34:22.187: [INFO][Sync] Loading: Sessions
2024-12-25 20:34:22.187: [INFO][Sync] Loading: Extension settings
2024-12-25 20:34:22.187: [INFO][Sync] Loading: History Delete Directives
2024-12-25 20:34:22.187: [INFO][Sync] Loading: Device Info
2024-12-25 20:34:22.187: [INFO][Sync] Loading: User Consents
2024-12-25 20:34:22.187: [INFO][Sync] Loading: Send Tab To Self
2024-12-25 20:34:22.187: [INFO][Sync] Loading: Web Apps
2024-12-25 20:34:22.187: [INFO][Sync] Loading: Collection
2024-12-25 20:34:22.187: [INFO][Sync] Loading: Edge E Drop
2024-12-25 20:34:22.187: [INFO][Sync] Loading: Edge Hub App Usage
2024-12-25 20:34:22.187: [INFO][Sync] Loading: Edge Tab Group
2024-12-25 20:34:22.187: [INFO][Sync] Loading: Edge Wallet
2024-12-25 20:34:22.191: [INFO][Sync] All data types are ready for configure.
2024-12-25 20:34:22.542: [INFO][Sync] Started DataTypeManager configuration, reason: 5
2024-12-25 20:34:22.542: [INFO][Sync] Configuring for: Bookmarks, Preferences, Passwords, Autofill Profiles, Autofill, Typed URLs, Extensions, Sessions, Extension settings, History Delete Directives, Device Info, User Consents, Send Tab To Self, Web Apps, Collection, Edge E Drop, Edge Hub App Usage, Edge Tab Group, Edge Wallet, Encryption Keys, reason: 5, current state: 1
2024-12-25 20:34:22.542: [INFO][SyncEngineBackend::DoStartConfiguration] Start configuration
2024-12-25 20:34:22.542: [INFO][SyncManagerImpl::ConfigureSyncer] Types to download:  with reason: 4
2024-12-25 20:34:22.542: [INFO][SyncEngineBackend::DoFinishConfigureDataTypes] Failed to download types:  and succeeded types: 
2024-12-25 20:34:22.543: [INFO][Sync] ConfigurationDone, failed: , succeeded: , remaining count: 3
2024-12-25 20:34:22.543: [WARN][Sync]     Reconfigure requested while configuration ongoing.
2024-12-25 20:34:22.543: [INFO][Sync] Configuring for: Bookmarks, Preferences, Passwords, Autofill Profiles, Autofill, Typed URLs, Extensions, Sessions, Extension settings, History Delete Directives, Device Info, User Consents, Send Tab To Self, Web Apps, Collection, Edge E Drop, Edge Hub App Usage, Edge Tab Group, Edge Wallet, Encryption Keys, reason: 5, current state: 2
2024-12-25 20:34:22.543: [INFO][Sync] Configure, desired: Bookmarks, Preferences, Passwords, Autofill Profiles, Autofill, Typed URLs, Extensions, Sessions, Extension settings, History Delete Directives, Device Info, User Consents, Send Tab To Self, Web Apps, Collection, Edge E Drop, Edge Hub App Usage, Edge Tab Group, Edge Wallet, Encryption Keys; Allow fail: 
2024-12-25 20:34:22.543: [INFO][Sync] Loading: Passwords
2024-12-25 20:34:22.543: [INFO][Sync] Loading: Autofill Profiles
2024-12-25 20:34:22.543: [INFO][Sync] Loading: Autofill
2024-12-25 20:34:22.543: [INFO][Sync] All data types are ready for configure.
2024-12-25 20:34:22.543: [INFO][SyncManagerImpl::NudgeForInitialDownload] Initial download nudge for Passwords
2024-12-25 20:34:22.543: [INFO][SyncManagerImpl::ConfigureSyncer] Types to download:  with reason: 5
2024-12-25 20:34:22.543: [INFO][SyncEngineBackend::DoFinishConfigureDataTypes] Failed to download types:  and succeeded types: 
2024-12-25 20:34:22.543: [INFO][Sync] ConfigurationDone, failed: , succeeded: , remaining count: 3
2024-12-25 20:34:22.543: [INFO][Sync] Prepare to configure types: Passwords, Encryption Keys
2024-12-25 20:34:22.543: [INFO][SyncManagerImpl::ConfigureSyncer] Types to download: Passwords, Encryption Keys with reason: 5
2024-12-25 20:34:22.543: [INFO][SyncSchedulerImpl::DoConfigurationSyncCycleJob] Blocked types:  and types to download: Passwords, Encryption Keys
2024-12-25 20:34:22.734: [INFO][SyncEngineBackend::DoFinishConfigureDataTypes] Failed to download types:  and succeeded types: Passwords, Encryption Keys
2024-12-25 20:34:22.735: [INFO][Sync] ConfigurationDone, failed: , succeeded: Passwords, Encryption Keys, remaining count: 2
2024-12-25 20:34:22.735: [INFO][SyncManagerImpl::ConfigureSyncer] Types to download:  with reason: 5
2024-12-25 20:34:22.735: [INFO][SyncEngineBackend::DoFinishConfigureDataTypes] Failed to download types:  and succeeded types: 
2024-12-25 20:34:22.735: [INFO][Sync] ConfigurationDone, failed: , succeeded: , remaining count: 1
2024-12-25 20:34:22.736: [INFO][SyncManagerImpl::ConfigureSyncer] Types to download:  with reason: 5
2024-12-25 20:34:22.736: [INFO][SyncEngineBackend::DoFinishConfigureDataTypes] Failed to download types:  and succeeded types: 
2024-12-25 20:34:22.736: [INFO][Sync] ConfigurationDone, failed: , succeeded: , remaining count: 0
2024-12-25 20:34:22.736: [INFO][Sync]     Configuration completed, state: 7
2024-12-25 20:34:22.736: [INFO][Sync] Configured DataTypeManager: Ok
2024-12-25 20:34:22.737: [INFO][SyncEngineBackend::DoStartSyncing] Start syncing
