{"logTime": "1225/193746", "correlationVector":"5HmLRwdTQfa0GgbNComAXJ.1","action":"SyncServerConnectionManagerRequest", "result":"SYNC_SERVER_OK", "context":{"environment":"Prod_WestEurope_000l", "migrationStage":"NotStarted", "server":"GENERAL0100000B"}}
{"logTime": "1225/193746", "correlationVector":"e0a1OTGrDGg1I6vKnocdex","action":"SyncServerConnectionManagerRequest", "result":"SYNC_SERVER_OK", "context":{"environment":"", "migrationStage":"", "server":""}}
{"logTime": "1225/193746", "correlationVector":"5HmLRwdTQfa0GgbNComAXJ","action":"Initial GetUpdates", "result":"", "context":Reason: NEW_CLIENT. cV=5HmLRwdTQfa0GgbNComAXJ}
{"logTime": "1225/193746", "correlationVector":"5HmLRwdTQfa0GgbNComAXJ.2","action":"GetUpdates Response", "result":"Success", "context":Received 1 update(s). cV=5HmLRwdTQfa0GgbNComAXJ.0;server=GENERAL0100000B;cloudType=Consumer;environment=Prod_WestEurope_000l;migrationStage=NotStarted}
{"logTime": "1225/193746", "correlationVector":"oFBxlilG6MI9alZrIvYxyE","action":"Initial GetUpdates", "result":"", "context":Reason: NEWLY_SUPPORTED_DATATYPE. cV=oFBxlilG6MI9alZrIvYxyE}
{"logTime": "1225/193746", "correlationVector":"oFBxlilG6MI9alZrIvYxyE.1","action":"SyncServerConnectionManagerRequest", "result":"SYNC_SERVER_OK", "context":{"environment":"Prod_WestEurope_000l", "migrationStage":"NotStarted", "server":"GENERAL0100001K"}}
{"logTime": "1225/193746", "correlationVector":"oFBxlilG6MI9alZrIvYxyE.2","action":"GetUpdates", "result":"DeleteReceived", "context":{"id":"a451c95c-5e02-4f61-90a0-af0d1744320a", "isDeleted:":"true", "version":"1734811535704"}}
{"logTime": "1225/193746", "correlationVector":"oFBxlilG6MI9alZrIvYxyE.3","action":"GetUpdates", "result":"DeleteReceived", "context":{"id":"ebaebfdf-7184-40a8-a83f-8f083a9765ab", "isDeleted:":"true", "version":"1734974513646"}}
{"logTime": "1225/193746", "correlationVector":"oFBxlilG6MI9alZrIvYxyE.4","action":"GetUpdates", "result":"DeleteReceived", "context":{"id":"902fc840-dad9-4fb9-922c-68444371595c", "isDeleted:":"true", "version":"1734889820306"}}
{"logTime": "1225/193746", "correlationVector":"oFBxlilG6MI9alZrIvYxyE.5","action":"GetUpdates Response", "result":"Success", "context":Received 90 update(s). cV=oFBxlilG6MI9alZrIvYxyE.0;server=GENERAL0100001K;cloudType=Consumer;environment=Prod_WestEurope_000l;migrationStage=NotStarted}
{"logTime": "1225/193746", "correlationVector":"oqgR1ezjKr7YyiG7+31JJh","action":"Initial GetUpdates", "result":"", "context":Reason: NEWLY_SUPPORTED_DATATYPE. cV=oqgR1ezjKr7YyiG7+31JJh}
{"logTime": "1225/193746", "correlationVector":"oqgR1ezjKr7YyiG7+31JJh.1","action":"SyncServerConnectionManagerRequest", "result":"SYNC_SERVER_OK", "context":{"environment":"Prod_WestEurope_000l", "migrationStage":"NotStarted", "server":"GENERAL0100000N"}}
{"logTime": "1225/193746", "correlationVector":"oqgR1ezjKr7YyiG7+31JJh.2","action":"GetUpdates Response", "result":"Success", "context":Received 9 update(s). cV=oqgR1ezjKr7YyiG7+31JJh.0;server=GENERAL0100000N;cloudType=Consumer;environment=Prod_WestEurope_000l;migrationStage=NotStarted}
{"logTime": "1225/193746", "correlationVector":"iJMU5lOP/itNpTH5kVlBy/","action":"Initial GetUpdates", "result":"", "context":Reason: NEWLY_SUPPORTED_DATATYPE. cV=iJMU5lOP/itNpTH5kVlBy/}
{"logTime": "1225/193747", "correlationVector":"iJMU5lOP/itNpTH5kVlBy/.1","action":"SyncServerConnectionManagerRequest", "result":"SYNC_SERVER_OK", "context":{"environment":"Prod_WestEurope_000l", "migrationStage":"NotStarted", "server":"GENERAL0100001J"}}
{"logTime": "1225/193747", "correlationVector":"iJMU5lOP/itNpTH5kVlBy/.2","action":"GetUpdates", "result":"DeleteReceived", "context":{"id":"76cc9d96-9487-4c2b-ac64-04534ccfc902", "isDeleted:":"true", "version":"1728402051213"}}
{"logTime": "1225/193747", "correlationVector":"iJMU5lOP/itNpTH5kVlBy/.3","action":"GetUpdates", "result":"DeleteReceived", "context":{"id":"6e7126ec-0eba-4bbc-9ec4-3dae50e1da06", "isDeleted:":"true", "version":"1728402051214"}}
{"logTime": "1225/193747", "correlationVector":"iJMU5lOP/itNpTH5kVlBy/.4","action":"GetUpdates", "result":"DeleteReceived", "context":{"id":"df653c2f-5141-4fce-85ca-884b4d8e0beb", "isDeleted:":"true", "version":"1728402051215"}}
{"logTime": "1225/193747", "correlationVector":"iJMU5lOP/itNpTH5kVlBy/.5","action":"GetUpdates", "result":"DeleteReceived", "context":{"id":"5fd86c6d-2667-4c7f-a151-f3a515cd912a", "isDeleted:":"true", "version":"1728402051216"}}
{"logTime": "1225/193747", "correlationVector":"iJMU5lOP/itNpTH5kVlBy/.6","action":"GetUpdates", "result":"DeleteReceived", "context":{"id":"f9196614-d7ca-4e31-8ffa-791f29657b2a", "isDeleted:":"true", "version":"1728413508483"}}
{"logTime": "1225/193747", "correlationVector":"iJMU5lOP/itNpTH5kVlBy/.7","action":"GetUpdates", "result":"DeleteReceived", "context":{"id":"60084472-ef78-4e06-a373-830c1dc777ee", "isDeleted:":"true", "version":"1728413508486"}}
{"logTime": "1225/193747", "correlationVector":"iJMU5lOP/itNpTH5kVlBy/.8","action":"GetUpdates", "result":"DeleteReceived", "context":{"id":"31da2c5d-dd3f-402a-8af6-ba385733c814", "isDeleted:":"true", "version":"1729423607327"}}
{"logTime": "1225/193747", "correlationVector":"iJMU5lOP/itNpTH5kVlBy/.9","action":"GetUpdates", "result":"DeleteReceived", "context":{"id":"c722f4c9-f0e7-4414-92dd-1a38d5283380", "isDeleted:":"true", "version":"1729612513909"}}
{"logTime": "1225/193747", "correlationVector":"iJMU5lOP/itNpTH5kVlBy/.10","action":"GetUpdates", "result":"DeleteReceived", "context":{"id":"fc888e8a-e848-414c-83ea-78cf00f6ce00", "isDeleted:":"true", "version":"1731410535985"}}
{"logTime": "1225/193747", "correlationVector":"iJMU5lOP/itNpTH5kVlBy/.11","action":"GetUpdates", "result":"DeleteReceived", "context":{"id":"f9d24eea-3473-4fa7-9270-3eccf726087c", "isDeleted:":"true", "version":"1731410535987"}}
{"logTime": "1225/193747", "correlationVector":"iJMU5lOP/itNpTH5kVlBy/.12","action":"GetUpdates", "result":"DeleteReceived", "context":{"id":"ece02d57-4b21-469d-a59b-8132fb3ca167", "isDeleted:":"true", "version":"1734801753815"}}
{"logTime": "1225/193747", "correlationVector":"iJMU5lOP/itNpTH5kVlBy/.13","action":"GetUpdates", "result":"DeleteReceived", "context":{"id":"9bf0e11b-d937-4f1c-a1b0-69a61e414d37", "isDeleted:":"true", "version":"1734801866607"}}
{"logTime": "1225/193747", "correlationVector":"iJMU5lOP/itNpTH5kVlBy/.14","action":"GetUpdates", "result":"DeleteReceived", "context":{"id":"b6ad265e-3259-445f-8a19-fd98d3930383", "isDeleted:":"true", "version":"1734801897329"}}
{"logTime": "1225/193747", "correlationVector":"iJMU5lOP/itNpTH5kVlBy/.15","action":"GetUpdates", "result":"DeleteReceived", "context":{"id":"0f0a641d-133f-435b-900e-3d01f68047ef", "isDeleted:":"true", "version":"1734801897330"}}
{"logTime": "1225/193747", "correlationVector":"iJMU5lOP/itNpTH5kVlBy/.16","action":"GetUpdates", "result":"DeleteReceived", "context":{"id":"181569a6-256a-4124-99c7-a4a70dc66e49", "isDeleted:":"true", "version":"1734811477769"}}
{"logTime": "1225/193747", "correlationVector":"iJMU5lOP/itNpTH5kVlBy/.17","action":"GetUpdates", "result":"DeleteReceived", "context":{"id":"4fef77a9-2012-48cc-8f0a-639c0b1d3a46", "isDeleted:":"true", "version":"1734812149394"}}
{"logTime": "1225/193747", "correlationVector":"iJMU5lOP/itNpTH5kVlBy/.18","action":"GetUpdates", "result":"DeleteReceived", "context":{"id":"e68448a3-ef1f-4d43-a903-5bfcf9cd1421", "isDeleted:":"true", "version":"1734812331641"}}
{"logTime": "1225/193747", "correlationVector":"iJMU5lOP/itNpTH5kVlBy/.19","action":"GetUpdates", "result":"DeleteReceived", "context":{"id":"f2b5fa02-1199-4145-932d-597aa4d67736", "isDeleted:":"true", "version":"1734812476769"}}
{"logTime": "1225/193747", "correlationVector":"iJMU5lOP/itNpTH5kVlBy/.20","action":"GetUpdates", "result":"DeleteReceived", "context":{"id":"f1e4c9cb-6d81-4e49-84c5-5611d3aaaf8f", "isDeleted:":"true", "version":"1734812570904"}}
{"logTime": "1225/193747", "correlationVector":"iJMU5lOP/itNpTH5kVlBy/.21","action":"GetUpdates", "result":"DeleteReceived", "context":{"id":"a3602638-4371-44dd-87da-e105c2804677", "isDeleted:":"true", "version":"1734813085276"}}
{"logTime": "1225/193747", "correlationVector":"iJMU5lOP/itNpTH5kVlBy/.22","action":"GetUpdates", "result":"DeleteReceived", "context":{"id":"bb848039-9695-4a9c-97f9-ada54ae334ae", "isDeleted:":"true", "version":"1734813085277"}}
{"logTime": "1225/193747", "correlationVector":"iJMU5lOP/itNpTH5kVlBy/.23","action":"GetUpdates", "result":"DeleteReceived", "context":{"id":"fe92fcab-b5ea-46d3-8850-aeea738e8447", "isDeleted:":"true", "version":"1734813153925"}}
{"logTime": "1225/193747", "correlationVector":"iJMU5lOP/itNpTH5kVlBy/.24","action":"GetUpdates", "result":"DeleteReceived", "context":{"id":"330a37f6-940d-41fe-bc55-e54ca8a42a33", "isDeleted:":"true", "version":"1734813238051"}}
{"logTime": "1225/193747", "correlationVector":"iJMU5lOP/itNpTH5kVlBy/.25","action":"GetUpdates", "result":"DeleteReceived", "context":{"id":"5685fd29-ba47-4a1d-8256-bfcbe43103bc", "isDeleted:":"true", "version":"1734813928910"}}
{"logTime": "1225/193747", "correlationVector":"iJMU5lOP/itNpTH5kVlBy/.26","action":"GetUpdates", "result":"DeleteReceived", "context":{"id":"8b816e9b-e31e-491a-9abf-54b9b56d4d6f", "isDeleted:":"true", "version":"1734815486036"}}
{"logTime": "1225/193747", "correlationVector":"iJMU5lOP/itNpTH5kVlBy/.27","action":"GetUpdates", "result":"DeleteReceived", "context":{"id":"6d0475b9-7baf-4ea4-8d32-5529c8f5e113", "isDeleted:":"true", "version":"1734816625378"}}
{"logTime": "1225/193747", "correlationVector":"iJMU5lOP/itNpTH5kVlBy/.28","action":"GetUpdates", "result":"DeleteReceived", "context":{"id":"7c237ae8-cce8-4bd8-bb03-228b17c0ee6c", "isDeleted:":"true", "version":"1734859164963"}}
{"logTime": "1225/193747", "correlationVector":"iJMU5lOP/itNpTH5kVlBy/.29","action":"GetUpdates", "result":"DeleteReceived", "context":{"id":"477f9312-059f-4b8e-bd18-c54bc2a120b3", "isDeleted:":"true", "version":"1734860729471"}}
{"logTime": "1225/193747", "correlationVector":"iJMU5lOP/itNpTH5kVlBy/.30","action":"GetUpdates", "result":"DeleteReceived", "context":{"id":"f18c3c5d-5494-4668-9ec0-1af5274d5994", "isDeleted:":"true", "version":"1734867634344"}}
{"logTime": "1225/193747", "correlationVector":"iJMU5lOP/itNpTH5kVlBy/.31","action":"GetUpdates", "result":"DeleteReceived", "context":{"id":"bddb8d34-d81a-47d3-9585-5fa1b9076eba", "isDeleted:":"true", "version":"1734867634346"}}
{"logTime": "1225/193747", "correlationVector":"iJMU5lOP/itNpTH5kVlBy/.32","action":"GetUpdates", "result":"DeleteReceived", "context":{"id":"6b20f195-6307-44bc-9b63-4f011317b8d6", "isDeleted:":"true", "version":"1734872654829"}}
{"logTime": "1225/193747", "correlationVector":"iJMU5lOP/itNpTH5kVlBy/.33","action":"GetUpdates", "result":"DeleteReceived", "context":{"id":"0dfb6d6d-c63d-4cd7-8011-1ba7c2bbd4f4", "isDeleted:":"true", "version":"1734875807980"}}
{"logTime": "1225/193747", "correlationVector":"iJMU5lOP/itNpTH5kVlBy/.34","action":"GetUpdates", "result":"DeleteReceived", "context":{"id":"844cb465-3473-4df9-bd88-de11a83d0ae8", "isDeleted:":"true", "version":"1734877600007"}}
{"logTime": "1225/193747", "correlationVector":"iJMU5lOP/itNpTH5kVlBy/.35","action":"GetUpdates", "result":"DeleteReceived", "context":{"id":"5876e604-339c-43ed-ad59-7ea2fd1c4d5b", "isDeleted:":"true", "version":"1734878236504"}}
{"logTime": "1225/193747", "correlationVector":"iJMU5lOP/itNpTH5kVlBy/.36","action":"GetUpdates", "result":"DeleteReceived", "context":{"id":"80686f8c-ba27-4d69-9319-cee6a6d7d5a5", "isDeleted:":"true", "version":"1734882778420"}}
{"logTime": "1225/193747", "correlationVector":"iJMU5lOP/itNpTH5kVlBy/.37","action":"GetUpdates", "result":"DeleteReceived", "context":{"id":"789f9df2-3f71-4ec6-837b-a4fe357032e8", "isDeleted:":"true", "version":"1734883924504"}}
{"logTime": "1225/193747", "correlationVector":"iJMU5lOP/itNpTH5kVlBy/.38","action":"GetUpdates", "result":"DeleteReceived", "context":{"id":"112c4b31-77fd-4396-99d8-c0a46ac915bd", "isDeleted:":"true", "version":"1734884624276"}}
{"logTime": "1225/193747", "correlationVector":"iJMU5lOP/itNpTH5kVlBy/.39","action":"GetUpdates", "result":"DeleteReceived", "context":{"id":"d9a74444-174e-4c50-aef5-3af80d3b01cf", "isDeleted:":"true", "version":"1735154070039"}}
{"logTime": "1225/193747", "correlationVector":"iJMU5lOP/itNpTH5kVlBy/.40","action":"GetUpdates", "result":"DeleteReceived", "context":{"id":"69ea8c1c-4cb7-422b-97f6-f0104541cf90", "isDeleted:":"true", "version":"1735154302613"}}
{"logTime": "1225/193747", "correlationVector":"iJMU5lOP/itNpTH5kVlBy/.41","action":"GetUpdates", "result":"DeleteReceived", "context":{"id":"a35ecff9-eba7-4b00-a3b4-fa3fa55e8852", "isDeleted:":"true", "version":"1735155024820"}}
{"logTime": "1225/193747", "correlationVector":"iJMU5lOP/itNpTH5kVlBy/.42","action":"GetUpdates", "result":"DeleteReceived", "context":{"id":"d9d5d90a-8943-482b-a813-3e394c14d273", "isDeleted:":"true", "version":"1735155065250"}}
{"logTime": "1225/193747", "correlationVector":"iJMU5lOP/itNpTH5kVlBy/.43","action":"GetUpdates", "result":"DeleteReceived", "context":{"id":"e54bed81-b290-412f-85f5-88c976069e21", "isDeleted:":"true", "version":"1733222238019"}}
{"logTime": "1225/193747", "correlationVector":"iJMU5lOP/itNpTH5kVlBy/.44","action":"GetUpdates", "result":"DeleteReceived", "context":{"id":"634cc58b-90a9-48e5-a466-3d819e9e6aed", "isDeleted:":"true", "version":"1733222238020"}}
{"logTime": "1225/193747", "correlationVector":"iJMU5lOP/itNpTH5kVlBy/.45","action":"GetUpdates", "result":"DeleteReceived", "context":{"id":"0593a695-34f4-417e-858b-6e9e1a3d10b3", "isDeleted:":"true", "version":"1733222238021"}}
{"logTime": "1225/193747", "correlationVector":"iJMU5lOP/itNpTH5kVlBy/.46","action":"GetUpdates", "result":"DeleteReceived", "context":{"id":"45fd051e-00a0-411c-9906-15631e76eadd", "isDeleted:":"true", "version":"1733222238022"}}
{"logTime": "1225/193747", "correlationVector":"iJMU5lOP/itNpTH5kVlBy/.47","action":"GetUpdates", "result":"DeleteReceived", "context":{"id":"df43d3c5-d8f9-42a7-afa9-ed593889e02c", "isDeleted:":"true", "version":"1733222238023"}}
{"logTime": "1225/193747", "correlationVector":"iJMU5lOP/itNpTH5kVlBy/.48","action":"GetUpdates", "result":"DeleteReceived", "context":{"id":"2942eddc-2aea-44b1-baa2-0e3f5006a4ee", "isDeleted:":"true", "version":"1733222238024"}}
{"logTime": "1225/193747", "correlationVector":"iJMU5lOP/itNpTH5kVlBy/.49","action":"GetUpdates Response", "result":"Success", "context":Received 81 update(s). cV=iJMU5lOP/itNpTH5kVlBy/.0;server=GENERAL0100001J;cloudType=Consumer;environment=Prod_WestEurope_000l;migrationStage=NotStarted}
{"logTime": "1225/193747", "correlationVector":"TAzLL2Lj4+aajvFiZQxObc","action":"Normal GetUpdate request", "result":"", "context":cV=TAzLL2Lj4+aajvFiZQxObc
Nudged types: Sessions, Device Info, User Consents
Refresh requested types: Bookmarks, Preferences, Passwords, Autofill Profiles, Autofill, Typed URLs, Extensions, Sessions, Extension settings, History Delete Directives, Device Info, User Consents, Send Tab To Self, Web Apps, Collection, Edge E Drop, Edge Hub App Usage, Edge Tab Group, Edge Wallet, Encryption Keys}
{"logTime": "1225/193747", "correlationVector":"TAzLL2Lj4+aajvFiZQxObc.1","action":"SyncServerConnectionManagerRequest", "result":"SYNC_SERVER_OK", "context":{"environment":"Prod_WestEurope_000l", "migrationStage":"NotStarted", "server":"general0100000Y"}}
{"logTime": "1225/193747", "correlationVector":"TAzLL2Lj4+aajvFiZQxObc.2","action":"GetUpdates Response", "result":"Success", "context":Received 0 update(s). cV=TAzLL2Lj4+aajvFiZQxObc.0;server=general0100000Y;cloudType=Consumer;environment=Prod_WestEurope_000l;migrationStage=NotStarted}
{"logTime": "1225/193747", "correlationVector":"I7uTur4S/3SoU4dZbZfmyn","action":"DoCompareDataConsistency requsted types: ", "result":"Bookmarks, Preferences, Passwords, Typed URLs, Extensions, Extension settings, History Delete Directives, Send Tab To Self, Web Apps, Collection, Edge E Drop, Edge Tab Group, Edge Wallet, Encryption Keys"}
{"logTime": "1225/193747", "correlationVector":"I7uTur4S/3SoU4dZbZfmyn.0","action":"CompareDataConsistency result: ", "result":"Compare result: Encryption Keys is consistent. local entities count is: 1 local entities hash is: 3iJgeXatqzvBF7F4OejfDFTBHCg="}
{"logTime": "1225/193747", "correlationVector":"I7uTur4S/3SoU4dZbZfmyn.1","action":"CompareDataConsistency result: ", "result":"Compare result: Bookmarks is consistent. local entities count is: 7 local entities hash is: VKPkTM5bELluAWSHd5a3SzpUU2c="}
{"logTime": "1225/193747", "correlationVector":"I7uTur4S/3SoU4dZbZfmyn.2","action":"CompareDataConsistency result: ", "result":"Compare result: Preferences is consistent. local entities count is: 53 local entities hash is: 6cWaaudb11Lr6fMkYo6rsQIYnfg="}
{"logTime": "1225/193747", "correlationVector":"I7uTur4S/3SoU4dZbZfmyn.3","action":"CompareDataConsistency result: ", "result":"Server did not send this Typed URLs local entities count is: 0 local entities hash is: "}
{"logTime": "1225/193747", "correlationVector":"I7uTur4S/3SoU4dZbZfmyn.4","action":"CompareDataConsistency result: ", "result":"Compare result: Extensions is consistent. local entities count is: 1 local entities hash is: WBXyp+AEruHRHb4yURKqRfQ4Pyk="}
{"logTime": "1225/193747", "correlationVector":"I7uTur4S/3SoU4dZbZfmyn.5","action":"CompareDataConsistency result: ", "result":"Compare result: Extension settings is consistent. local entities count is: 0 local entities hash is: "}
{"logTime": "1225/193747", "correlationVector":"I7uTur4S/3SoU4dZbZfmyn.6","action":"CompareDataConsistency result: ", "result":"Compare result: History Delete Directives is consistent. local entities count is: 0 local entities hash is: "}
{"logTime": "1225/193747", "correlationVector":"I7uTur4S/3SoU4dZbZfmyn.7","action":"CompareDataConsistency result: ", "result":"Server did not send this Send Tab To Self local entities count is: 0 local entities hash is: "}
{"logTime": "1225/193747", "correlationVector":"I7uTur4S/3SoU4dZbZfmyn.8","action":"CompareDataConsistency result: ", "result":"Compare result: Web Apps is consistent. local entities count is: 0 local entities hash is: "}
{"logTime": "1225/193747", "correlationVector":"I7uTur4S/3SoU4dZbZfmyn.9","action":"CompareDataConsistency result: ", "result":"Compare result: Collection is consistent. local entities count is: 0 local entities hash is: "}
{"logTime": "1225/193747", "correlationVector":"I7uTur4S/3SoU4dZbZfmyn.10","action":"CompareDataConsistency result: ", "result":"Compare result: Edge E Drop is consistent. local entities count is: 0 local entities hash is: "}
{"logTime": "1225/193747", "correlationVector":"I7uTur4S/3SoU4dZbZfmyn.11","action":"CompareDataConsistency result: ", "result":"Compare result: Edge Tab Group is consistent. local entities count is: 0 local entities hash is: "}
{"logTime": "1225/193747", "correlationVector":"I7uTur4S/3SoU4dZbZfmyn.12","action":"CompareDataConsistency result: ", "result":"Compare result: Edge Wallet is consistent. local entities count is: 0 local entities hash is: "}
{"logTime": "1225/193747", "correlationVector":"I7uTur4S/3SoU4dZbZfmyn.13","action":"CompareDataConsistency result: ", "result":"Compare result: Passwords is consistent. local entities count is: 13 local entities hash is: MPYtmjsY3G6jejj1RoJcnzORBYo="}
{"logTime": "1225/193747", "correlationVector":"S9Q6GH217VVdQ9S/uFNPqk","action":"Commit Request", "result":"", "context":Item count: 5
Contributing types: Sessions, Device Info, User Consents}
{"logTime": "1225/193748", "correlationVector":"S9Q6GH217VVdQ9S/uFNPqk.1","action":"SyncServerConnectionManagerRequest", "result":"SYNC_SERVER_OK", "context":{"environment":"Prod_WestEurope_000l", "migrationStage":"NotStarted", "server":"GENERAL0100000N"}}
{"logTime": "1225/193748", "correlationVector":"S9Q6GH217VVdQ9S/uFNPqk.2","action":"Commit Response", "result":"Success", "context":Result: Success. cV=S9Q6GH217VVdQ9S/uFNPqk.0;server=GENERAL0100000N;cloudType=Consumer;environment=Prod_WestEurope_000l;migrationStage=NotStarted}
{"logTime": "1225/193748", "correlationVector":"","action":"DIAGNOSTIC_REQUEST|v1/diagnosticData/Diagnostic.SendCheckResult()|SUCCESS", "result":""}
{"logTime": "1225/193750", "correlationVector":"ClSbCSVOcQa77yD+qoZwCm","action":"Commit Request", "result":"", "context":Item count: 11
Contributing types: Preferences, Passwords, Edge Hub App Usage}
{"logTime": "1225/193750", "correlationVector":"ClSbCSVOcQa77yD+qoZwCm.1","action":"SyncServerConnectionManagerRequest", "result":"SYNC_SERVER_OK", "context":{"environment":"Prod_WestEurope_000l", "migrationStage":"NotStarted", "server":"GENERAL01000014"}}
{"logTime": "1225/193750", "correlationVector":"ClSbCSVOcQa77yD+qoZwCm.2","action":"Commit Response", "result":"Success", "context":Result: Success. cV=ClSbCSVOcQa77yD+qoZwCm.0;server=GENERAL01000014;cloudType=Consumer;environment=Prod_WestEurope_000l;migrationStage=NotStarted}
{"logTime": "1225/193822", "correlationVector":"ONefRViEdSYxUEmuO6qyZQ","action":"Commit Request", "result":"", "context":Item count: 1
Contributing types: Sessions}
{"logTime": "1225/193822", "correlationVector":"ONefRViEdSYxUEmuO6qyZQ.1","action":"SyncServerConnectionManagerRequest", "result":"SYNC_SERVER_OK", "context":{"environment":"Prod_WestEurope_000l", "migrationStage":"NotStarted", "server":"GENERAL0100000X"}}
{"logTime": "1225/193822", "correlationVector":"ONefRViEdSYxUEmuO6qyZQ.2","action":"Commit Response", "result":"Success", "context":Result: Success. cV=ONefRViEdSYxUEmuO6qyZQ.0;server=GENERAL0100000X;cloudType=Consumer;environment=Prod_WestEurope_000l;migrationStage=NotStarted}
